Archive member included to satisfy reference by file (symbol)

c:/nxp/mcuxpressoide_11.7.1_9221/ide/plugins/com.nxp.mcuxpresso.tools.win32_11.7.1.202301190959/tools/bin/../lib/gcc/arm-none-eabi/10.3.1/../../../../arm-none-eabi/lib/thumb/v7e-m+fp/hard\libcr_nohost_nf.a(_cr__main.o)
                              ./startup/startup_mk64f12.o (__main)
c:/nxp/mcuxpressoide_11.7.1_9221/ide/plugins/com.nxp.mcuxpresso.tools.win32_11.7.1.202301190959/tools/bin/../lib/gcc/arm-none-eabi/10.3.1/../../../../arm-none-eabi/lib/thumb/v7e-m+fp/hard\libcr_c.a(memcpy.o)
                              ./utilities/fsl_debug_console.o (memcpy)
c:/nxp/mcuxpressoide_11.7.1_9221/ide/plugins/com.nxp.mcuxpresso.tools.win32_11.7.1.202301190959/tools/bin/../lib/gcc/arm-none-eabi/10.3.1/../../../../arm-none-eabi/lib/thumb/v7e-m+fp/hard\libcr_c.a(memset.o)
                              ./drivers/fsl_ftfx_cache.o (memset)
c:/nxp/mcuxpressoide_11.7.1_9221/ide/plugins/com.nxp.mcuxpresso.tools.win32_11.7.1.202301190959/tools/bin/../lib/gcc/arm-none-eabi/10.3.1/../../../../arm-none-eabi/lib/thumb/v7e-m+fp/hard\libcr_c.a(alloc.o)
                              ./drivers/fsl_common.o (malloc)
c:/nxp/mcuxpressoide_11.7.1_9221/ide/plugins/com.nxp.mcuxpresso.tools.win32_11.7.1.202301190959/tools/bin/../lib/gcc/arm-none-eabi/10.3.1/../../../../arm-none-eabi/lib/thumb/v7e-m+fp/hard\libcr_c.a(initio.o)
                              c:/nxp/mcuxpressoide_11.7.1_9221/ide/plugins/com.nxp.mcuxpresso.tools.win32_11.7.1.202301190959/tools/bin/../lib/gcc/arm-none-eabi/10.3.1/../../../../arm-none-eabi/lib/thumb/v7e-m+fp/hard\libcr_nohost_nf.a(_cr__main.o) (_initio)
c:/nxp/mcuxpressoide_11.7.1_9221/ide/plugins/com.nxp.mcuxpresso.tools.win32_11.7.1.202301190959/tools/bin/../lib/gcc/arm-none-eabi/10.3.1/../../../../arm-none-eabi/lib/thumb/v7e-m+fp/hard\libcr_c.a(setvbuf.o)
                              c:/nxp/mcuxpressoide_11.7.1_9221/ide/plugins/com.nxp.mcuxpresso.tools.win32_11.7.1.202301190959/tools/bin/../lib/gcc/arm-none-eabi/10.3.1/../../../../arm-none-eabi/lib/thumb/v7e-m+fp/hard\libcr_c.a(initio.o) (setvbuf)
c:/nxp/mcuxpressoide_11.7.1_9221/ide/plugins/com.nxp.mcuxpresso.tools.win32_11.7.1.202301190959/tools/bin/../lib/gcc/arm-none-eabi/10.3.1/../../../../arm-none-eabi/lib/thumb/v7e-m+fp/hard\libcr_c.a(strlen.o)
                              ./utilities/fsl_debug_console.o (strlen)
c:/nxp/mcuxpressoide_11.7.1_9221/ide/plugins/com.nxp.mcuxpresso.tools.win32_11.7.1.202301190959/tools/bin/../lib/gcc/arm-none-eabi/10.3.1/../../../../arm-none-eabi/lib/thumb/v7e-m+fp/hard\libcr_c.a(__init_alloc.o)
                              c:/nxp/mcuxpressoide_11.7.1_9221/ide/plugins/com.nxp.mcuxpresso.tools.win32_11.7.1.202301190959/tools/bin/../lib/gcc/arm-none-eabi/10.3.1/../../../../arm-none-eabi/lib/thumb/v7e-m+fp/hard\libcr_c.a(alloc.o) (__heaps)
c:/nxp/mcuxpressoide_11.7.1_9221/ide/plugins/com.nxp.mcuxpresso.tools.win32_11.7.1.202301190959/tools/bin/../lib/gcc/arm-none-eabi/10.3.1/../../../../arm-none-eabi/lib/thumb/v7e-m+fp/hard\libcr_c.a(_cr_sbrk.o)
                              c:/nxp/mcuxpressoide_11.7.1_9221/ide/plugins/com.nxp.mcuxpresso.tools.win32_11.7.1.202301190959/tools/bin/../lib/gcc/arm-none-eabi/10.3.1/../../../../arm-none-eabi/lib/thumb/v7e-m+fp/hard\libcr_c.a(alloc.o) (_sbrk)
c:/nxp/mcuxpressoide_11.7.1_9221/ide/plugins/com.nxp.mcuxpresso.tools.win32_11.7.1.202301190959/tools/bin/../lib/gcc/arm-none-eabi/10.3.1/../../../../arm-none-eabi/lib/thumb/v7e-m+fp/hard\libcr_c.a(_fdopen.o)
                              c:/nxp/mcuxpressoide_11.7.1_9221/ide/plugins/com.nxp.mcuxpresso.tools.win32_11.7.1.202301190959/tools/bin/../lib/gcc/arm-none-eabi/10.3.1/../../../../arm-none-eabi/lib/thumb/v7e-m+fp/hard\libcr_c.a(initio.o) (_fdopen)
c:/nxp/mcuxpressoide_11.7.1_9221/ide/plugins/com.nxp.mcuxpresso.tools.win32_11.7.1.202301190959/tools/bin/../lib/gcc/arm-none-eabi/10.3.1/../../../../arm-none-eabi/lib/thumb/v7e-m+fp/hard\libcr_c.a(errno.o)
                              c:/nxp/mcuxpressoide_11.7.1_9221/ide/plugins/com.nxp.mcuxpresso.tools.win32_11.7.1.202301190959/tools/bin/../lib/gcc/arm-none-eabi/10.3.1/../../../../arm-none-eabi/lib/thumb/v7e-m+fp/hard\libcr_c.a(_cr_sbrk.o) (errno)
c:/nxp/mcuxpressoide_11.7.1_9221/ide/plugins/com.nxp.mcuxpresso.tools.win32_11.7.1.202301190959/tools/bin/../lib/gcc/arm-none-eabi/10.3.1/../../../../arm-none-eabi/lib/thumb/v7e-m+fp/hard\libcr_c.a(fclose.o)
                              c:/nxp/mcuxpressoide_11.7.1_9221/ide/plugins/com.nxp.mcuxpresso.tools.win32_11.7.1.202301190959/tools/bin/../lib/gcc/arm-none-eabi/10.3.1/../../../../arm-none-eabi/lib/thumb/v7e-m+fp/hard\libcr_c.a(initio.o) (fclose)
c:/nxp/mcuxpressoide_11.7.1_9221/ide/plugins/com.nxp.mcuxpresso.tools.win32_11.7.1.202301190959/tools/bin/../lib/gcc/arm-none-eabi/10.3.1/../../../../arm-none-eabi/lib/thumb/v7e-m+fp/hard\libcr_c.a(fflush.o)
[...]
Memory Configuration

Name             Origin             Length             Attributes
PROGRAM_FLASH    0x00000000         0x00100000         xr
SRAM_UPPER       0x20000000         0x00030000         xrw
SRAM_LOWER       0x1fff0000         0x00010000         xrw
FLEX_RAM         0x14000000         0x00001000         xrw
*default*        0x00000000         0xffffffff

Linker script and memory map

LOAD ./utilities/fsl_assert.o
LOAD ./utilities/fsl_debug_console.o
LOAD ./startup/startup_mk64f12.o
LOAD ./source/PIT3.o
LOAD ./source/semihost_hardfault.o
LOAD ./drivers/fsl_clock.o
LOAD ./drivers/fsl_common.o
LOAD ./drivers/fsl_common_arm.o
LOAD ./drivers/fsl_ftfx_cache.o
LOAD ./drivers/fsl_ftfx_controller.o
LOAD ./drivers/fsl_ftfx_flash.o
LOAD ./drivers/fsl_ftfx_flexnvm.o
LOAD ./drivers/fsl_gpio.o
LOAD ./drivers/fsl_smc.o
LOAD ./drivers/fsl_uart.o
LOAD ./device/system_MK64F12.o
LOAD ./component/uart/fsl_adapter_uart.o
LOAD ./component/lists/fsl_component_generic_list.o
LOAD ./board/board.o
LOAD ./board/clock_config.o
LOAD ./board/peripherals.o
LOAD ./board/pin_mux.o
START GROUP
LOAD c:/nxp/mcuxpressoide_11.7.1_9221/ide/plugins/com.nxp.mcuxpresso.tools.win32_11.7.1.202301190959/tools/bin/../lib/gcc/arm-none-eabi/10.3.1/../../../../arm-none-eabi/lib/thumb/v7e-m+fp/hard\libcr_nohost_nf.a
LOAD c:/nxp/mcuxpressoide_11.7.1_9221/ide/plugins/com.nxp.mcuxpresso.tools.win32_11.7.1.202301190959/tools/bin/../lib/gcc/arm-none-eabi/10.3.1/../../../../arm-none-eabi/lib/thumb/v7e-m+fp/hard\libcr_c.a
LOAD c:/nxp/mcuxpressoide_11.7.1_9221/ide/plugins/com.nxp.mcuxpresso.tools.win32_11.7.1.202301190959/tools/bin/../lib/gcc/arm-none-eabi/10.3.1/thumb/v7e-m+fp/hard\libcr_eabihelpers.a
LOAD c:/nxp/mcuxpressoide_11.7.1_9221/ide/plugins/com.nxp.mcuxpresso.tools.win32_11.7.1.202301190959/tools/bin/../lib/gcc/arm-none-eabi/10.3.1/thumb/v7e-m+fp/hard\libgcc.a
END GROUP
                0x00000000                __base_PROGRAM_FLASH = 0x0
                0x00000000                __base_Flash = 0x0
                0x00100000                __top_PROGRAM_FLASH = 0x100000
                0x00100000                __top_Flash = 0x100000
                0x20000000                __base_SRAM_UPPER = 0x20000000
                0x20000000                __base_RAM = 0x20000000
                0x20030000                __top_SRAM_UPPER = 0x20030000
                0x20030000                __top_RAM = 0x20030000
                0x1fff0000                __base_SRAM_LOWER = 0x1fff0000
                0x1fff0000                __base_RAM2 = 0x1fff0000
                0x20000000                __top_SRAM_LOWER = 0x20000000
                0x20000000                __top_RAM2 = 0x20000000
                0x14000000                __base_FLEX_RAM = 0x14000000
                0x14000000                __base_RAM3 = 0x14000000
                0x14001000                __top_FLEX_RAM = 0x14001000
                0x14001000                __top_RAM3 = 0x14001000

.text           0x00000000     0x1050
 FILL mask 0xff
                0x00000000                __vectors_start__ = ABSOLUTE (.)
 *(SORT_BY_ALIGNMENT(.isr_vector))
 .isr_vector    0x00000000      0x198 ./startup/startup_mk64f12.o
                0x00000000                g_pfnVectors
                0x00000000                __Vectors
                0x00000198                . = ALIGN (0x4)
                0x00000198                __section_table_start = .
                0x00000198                __data_section_table = .
                0x00000198        0x4 LONG 0x1050 LOADADDR (.data)
                0x0000019c        0x4 LONG 0x20000000 ADDR (.data)
                0x000001a0        0x4 LONG 0x0 SIZEOF (.data)
                0x000001a4        0x4 LONG 0x1050 LOADADDR (.data_RAM2)
                0x000001a8        0x4 LONG 0x1fff0000 ADDR (.data_RAM2)
                0x000001ac        0x4 LONG 0x0 SIZEOF (.data_RAM2)
                0x000001b0        0x4 LONG 0x1050 LOADADDR (.data_RAM3)
                0x000001b4        0x4 LONG 0x14000000 ADDR (.data_RAM3)
                0x000001b8        0x4 LONG 0x0 SIZEOF (.data_RAM3)
                0x000001bc                __data_section_table_end = .
                0x000001bc                __bss_section_table = .
                0x000001bc        0x4 LONG 0x20000000 ADDR (.bss)
                0x000001c0        0x4 LONG 0xd8 SIZEOF (.bss)
                0x000001c4        0x4 LONG 0x1fff0000 ADDR (.bss_RAM2)
                0x000001c8        0x4 LONG 0x0 SIZEOF (.bss_RAM2)
                0x000001cc        0x4 LONG 0x14000000 ADDR (.bss_RAM3)
                0x000001d0        0x4 LONG 0x0 SIZEOF (.bss_RAM3)
                0x000001d4                __bss_section_table_end = .
                0x000001d4                __section_table_end = .
 *(SORT_BY_ALIGNMENT(.after_vectors*))
 .after_vectors.reset
                0x000001d4       0x4c ./startup/startup_mk64f12.o
                0x000001d4                ResetISR
 .after_vectors.init_data
                0x00000220       0x1e ./startup/startup_mk64f12.o
                0x00000220                data_init
 .after_vectors.init_bss
                0x0000023e       0x12 ./startup/startup_mk64f12.o
                0x0000023e                bss_init
 .after_vectors
                0x00000250       0x14 ./startup/startup_mk64f12.o
                0x00000250                NMI_Handler
                0x00000254                MemManage_Handler
                0x00000256                BusFault_Handler
                0x00000258                UsageFault_Handler
                0x0000025a                SVC_Handler
                0x0000025c                DebugMon_Handler
                0x0000025e                PendSV_Handler
                0x00000260                SysTick_Handler
                0x00000262                DMA_Error_DriverIRQHandler
                0x00000262                LPTMR0_DriverIRQHandler
                0x00000262                FTM1_DriverIRQHandler
                0x00000262                FTM2_DriverIRQHandler
                0x00000262                PIT2_DriverIRQHandler
                0x00000262                SDHC_DriverIRQHandler
                0x00000262                I2S0_Tx_DriverIRQHandler
                0x00000262                RTC_Seconds_DriverIRQHandler
                0x00000262                DMA6_DriverIRQHandler
                0x00000262                LLWU_DriverIRQHandler
                0x00000262                MCM_DriverIRQHandler
                0x00000262                MCG_DriverIRQHandler
                0x00000262                ENET_1588_Timer_DriverIRQHandler
                0x00000262                I2C2_DriverIRQHandler
                0x00000262                DAC1_DriverIRQHandler
                0x00000262                SPI1_DriverIRQHandler
                0x00000262                CMP1_DriverIRQHandler
                0x00000262                FTM0_DriverIRQHandler
                0x00000262                IntDefaultHandler
                0x00000262                USB0_DriverIRQHandler
                0x00000262                UART5_ERR_DriverIRQHandler
                0x00000262                PORTC_DriverIRQHandler
                0x00000262                DMA11_DriverIRQHandler
                0x00000262                DAC0_DriverIRQHandler
                0x00000262                DMA10_DriverIRQHandler
                0x00000262                CMP2_DriverIRQHandler
                0x00000262                UART2_ERR_DriverIRQHandler
                0x00000262                SPI2_DriverIRQHandler
                0x00000262                LVD_LVW_DriverIRQHandler
                0x00000262                PIT0_DriverIRQHandler
                0x00000262                DMA12_DriverIRQHandler
                0x00000262                DMA5_DriverIRQHandler
                0x00000262                DMA4_DriverIRQHandler
                0x00000262                USBDCD_DriverIRQHandler
                0x00000262                UART3_ERR_DriverIRQHandler
                0x00000262                DMA3_DriverIRQHandler
                0x00000262                DMA8_DriverIRQHandler
                0x00000262                DMA9_DriverIRQHandler
                0x00000262                UART0_ERR_DriverIRQHandler
                0x00000262                CMT_DriverIRQHandler
                0x00000262                Reserved71_DriverIRQHandler
                0x00000262                ADC1_DriverIRQHandler
                0x00000262                PORTA_DriverIRQHandler
                0x00000262                DMA14_DriverIRQHandler
                0x00000262                PIT3_DriverIRQHandler
                0x00000262                PIT1_DriverIRQHandler
                0x00000262                WDOG_EWM_DriverIRQHandler
                0x00000262                PDB0_DriverIRQHandler
                0x00000262                RTC_DriverIRQHandler
                0x00000262                I2S0_Rx_DriverIRQHandler
                0x00000262                Read_Collision_DriverIRQHandler
                0x00000262                SWI_DriverIRQHandler
                0x00000262                UART4_ERR_DriverIRQHandler
                0x00000262                PORTB_DriverIRQHandler
                0x00000262                UART0_LON_DriverIRQHandler
                0x00000262                DMA0_DriverIRQHandler
                0x00000262                DMA1_DriverIRQHandler
                0x00000262                I2C1_DriverIRQHandler
                0x00000262                ENET_Receive_DriverIRQHandler
                0x00000262                DMA13_DriverIRQHandler
                0x00000262                ENET_Error_DriverIRQHandler
                0x00000262                DMA15_DriverIRQHandler
                0x00000262                SPI0_DriverIRQHandler
                0x00000262                ADC0_DriverIRQHandler
                0x00000262                CMP0_DriverIRQHandler
                0x00000262                CAN0_DriverIRQHandler
                0x00000262                FTM3_DriverIRQHandler
                0x00000262                RNG_DriverIRQHandler
                0x00000262                UART1_ERR_DriverIRQHandler
                0x00000262                DMA2_DriverIRQHandler
                0x00000262                ENET_Transmit_DriverIRQHandler
                0x00000262                PORTD_DriverIRQHandler
                0x00000262                PORTE_DriverIRQHandler
                0x00000262                FTFE_DriverIRQHandler
                0x00000262                I2C0_DriverIRQHandler
                0x00000262                DMA7_DriverIRQHandler
                0x00000400                . = 0x400
 *fill*         0x00000264      0x19c ff
                0x00000400                PROVIDE (__FLASH_CONFIG_START__ = .)
 *(SORT_BY_ALIGNMENT(.FlashConfig))
 .FlashConfig   0x00000400       0x10 ./startup/startup_mk64f12.o
                0x00000400                Flash_Config
                0x00000410                PROVIDE (__FLASH_CONFIG_END__ = .)
                0x00000001                ASSERT (! ((__FLASH_CONFIG_START__ == __FLASH_CONFIG_END__)), Linker Flash Config Support Enabled, but no .FlashConfig section provided within application)
 *(SORT_BY_ALIGNMENT(.text*))
 .text.shortDelay
                0x00000410       0x2c ./source/PIT3.o
                0x00000410                shortDelay
 .text.setupLed
                0x0000043c       0x40 ./source/PIT3.o
                0x0000043c                setupLed
 .text.initButtonSW3
                0x0000047c       0x30 ./source/PIT3.o
                0x0000047c                initButtonSW3
 .text.initButtonSW2
                0x000004ac       0x30 ./source/PIT3.o
                0x000004ac                initButtonSW2
 .text.blinkLight
                0x000004dc       0x44 ./source/PIT3.o
                0x000004dc                blinkLight
 .text.toggleOnOffSW3
                0x00000520       0x3c ./source/PIT3.o
                0x00000520                toggleOnOffSW3
 .text.longPressOff
                0x0000055c       0x18 ./source/PIT3.o
                0x0000055c                longPressOff
 .text.main     0x00000574       0xc0 ./source/PIT3.o
                0x00000574                main
 .text.UART0_DriverIRQHandler
                0x00000634       0x28 ./drivers/fsl_uart.o
                0x00000634                UART0_DriverIRQHandler
 .text.UART1_DriverIRQHandler
                0x0000065c       0x28 ./drivers/fsl_uart.o
                0x0000065c                UART1_DriverIRQHandler
 .text.UART2_DriverIRQHandler
                0x00000684       0x28 ./drivers/fsl_uart.o
                0x00000684                UART2_DriverIRQHandler
 .text.UART3_DriverIRQHandler
                0x000006ac       0x28 ./drivers/fsl_uart.o
                0x000006ac                UART3_DriverIRQHandler
 .text.UART4_DriverIRQHandler
                0x000006d4       0x28 ./drivers/fsl_uart.o
                0x000006d4                UART4_DriverIRQHandler
 .text.UART5_DriverIRQHandler
                0x000006fc       0x28 ./drivers/fsl_uart.o
                0x000006fc                UART5_DriverIRQHandler
 .text.SystemInit
                0x00000724       0x3c ./device/system_MK64F12.o
                0x00000724                SystemInit
 .text._initio  0x00000760       0x78 c:/nxp/mcuxpressoide_11.7.1_9221/ide/plugins/com.nxp.mcuxpresso.tools.win32_11.7.1.202301190959/tools/bin/../lib/gcc/arm-none-eabi/10.3.1/../../../../arm-none-eabi/lib/thumb/v7e-m+fp/hard\libcr_c.a(initio.o)
                0x00000760                _initio
 .text.fflush   0x000007d8       0x3c c:/nxp/mcuxpressoide_11.7.1_9221/ide/plugins/com.nxp.mcuxpresso.tools.win32_11.7.1.202301190959/tools/bin/../lib/gcc/arm-none-eabi/10.3.1/../../../../arm-none-eabi/lib/thumb/v7e-m+fp/hard\libcr_c.a(fflush.o)
                0x000007d8                fflush
 .text.fseek    0x00000814       0xfc c:/nxp/mcuxpressoide_11.7.1_9221/ide/plugins/com.nxp.mcuxpresso.tools.win32_11.7.1.202301190959/tools/bin/../lib/gcc/arm-none-eabi/10.3.1/../../../../arm-none-eabi/lib/thumb/v7e-m+fp/hard\libcr_c.a(fseek.o)
                0x00000814                fseek
 .text.ftell    0x00000910       0x44 c:/nxp/mcuxpressoide_11.7.1_9221/ide/plugins/com.nxp.mcuxpresso.tools.win32_11.7.1.202301190959/tools/bin/../lib/gcc/arm-none-eabi/10.3.1/../../../../arm-none-eabi/lib/thumb/v7e-m+fp/hard\libcr_c.a(ftell.o)
                0x00000910                ftell
 .text._Cwritebuf
                0x00000954       0x6c c:/nxp/mcuxpressoide_11.7.1_9221/ide/plugins/com.nxp.mcuxpresso.tools.win32_11.7.1.202301190959/tools/bin/../lib/gcc/arm-none-eabi/10.3.1/../../../../arm-none-eabi/lib/thumb/v7e-m+fp/hard\libcr_c.a(_writebuf.o)
                0x00000954                _Cwritebuf
 .text.DMA0_IRQHandler
                0x000009c0        0x8 ./startup/startup_mk64f12.o
                0x000009c0                DMA0_IRQHandler
 .text.DMA1_IRQHandler
                0x000009c8        0x8 ./startup/startup_mk64f12.o
                0x000009c8                DMA1_IRQHandler
 .text.DMA2_IRQHandler
                0x000009d0        0x8 ./startup/startup_mk64f12.o
                0x000009d0                DMA2_IRQHandler
 .text.DMA3_IRQHandler
                0x000009d8        0x8 ./startup/startup_mk64f12.o
                0x000009d8                DMA3_IRQHandler
 .text.DMA4_IRQHandler
                0x000009e0        0x8 ./startup/startup_mk64f12.o
                0x000009e0                DMA4_IRQHandler
 .text.DMA5_IRQHandler
                0x000009e8        0x8 ./startup/startup_mk64f12.o
                0x000009e8                DMA5_IRQHandler
 .text.DMA6_IRQHandler
                0x000009f0        0x8 ./startup/startup_mk64f12.o
                0x000009f0                DMA6_IRQHandler
 .text.DMA7_IRQHandler
                0x000009f8        0x8 ./startup/startup_mk64f12.o
                0x000009f8                DMA7_IRQHandler
 .text.DMA8_IRQHandler
                0x00000a00        0x8 ./startup/startup_mk64f12.o
                0x00000a00                DMA8_IRQHandler
 .text.DMA9_IRQHandler
                0x00000a08        0x8 ./startup/startup_mk64f12.o
                0x00000a08                DMA9_IRQHandler
 .text.DMA10_IRQHandler
                0x00000a10        0x8 ./startup/startup_mk64f12.o
                0x00000a10                DMA10_IRQHandler
 .text.DMA11_IRQHandler
                0x00000a18        0x8 ./startup/startup_mk64f12.o
                0x00000a18                DMA11_IRQHandler
 .text.DMA12_IRQHandler
                0x00000a20        0x8 ./startup/startup_mk64f12.o
                0x00000a20                DMA12_IRQHandler
 .text.DMA13_IRQHandler
                0x00000a28        0x8 ./startup/startup_mk64f12.o
                0x00000a28                DMA13_IRQHandler
 .text.DMA14_IRQHandler
                0x00000a30        0x8 ./startup/startup_mk64f12.o
                0x00000a30                DMA14_IRQHandler
 .text.DMA15_IRQHandler
                0x00000a38        0x8 ./startup/startup_mk64f12.o
                0x00000a38                DMA15_IRQHandler
 .text.DMA_Error_IRQHandler
                0x00000a40        0x8 ./startup/startup_mk64f12.o
                0x00000a40                DMA_Error_IRQHandler
 .text.MCM_IRQHandler
                0x00000a48        0x8 ./startup/startup_mk64f12.o
                0x00000a48                MCM_IRQHandler
 .text.FTFE_IRQHandler
                0x00000a50        0x8 ./startup/startup_mk64f12.o
                0x00000a50                FTFE_IRQHandler
 .text.Read_Collision_IRQHandler
                0x00000a58        0x8 ./startup/startup_mk64f12.o
                0x00000a58                Read_Collision_IRQHandler
 .text.LVD_LVW_IRQHandler
                0x00000a60        0x8 ./startup/startup_mk64f12.o
                0x00000a60                LVD_LVW_IRQHandler
 .text.LLWU_IRQHandler
                0x00000a68        0x8 ./startup/startup_mk64f12.o
                0x00000a68                LLWU_IRQHandler
 .text.WDOG_EWM_IRQHandler
                0x00000a70        0x8 ./startup/startup_mk64f12.o
                0x00000a70                WDOG_EWM_IRQHandler
 .text.RNG_IRQHandler
                0x00000a78        0x8 ./startup/startup_mk64f12.o
                0x00000a78                RNG_IRQHandler
 .text.I2C0_IRQHandler
                0x00000a80        0x8 ./startup/startup_mk64f12.o
                0x00000a80                I2C0_IRQHandler
 .text.I2C1_IRQHandler
                0x00000a88        0x8 ./startup/startup_mk64f12.o
                0x00000a88                I2C1_IRQHandler
 .text.SPI0_IRQHandler
                0x00000a90        0x8 ./startup/startup_mk64f12.o
                0x00000a90                SPI0_IRQHandler
 .text.SPI1_IRQHandler
                0x00000a98        0x8 ./startup/startup_mk64f12.o
                0x00000a98                SPI1_IRQHandler
 .text.I2S0_Tx_IRQHandler
                0x00000aa0        0x8 ./startup/startup_mk64f12.o
                0x00000aa0                I2S0_Tx_IRQHandler
 .text.I2S0_Rx_IRQHandler
                0x00000aa8        0x8 ./startup/startup_mk64f12.o
                0x00000aa8                I2S0_Rx_IRQHandler
 .text.UART0_LON_IRQHandler
                0x00000ab0        0x8 ./startup/startup_mk64f12.o
                0x00000ab0                UART0_LON_IRQHandler
 .text.UART0_RX_TX_IRQHandler
                0x00000ab8        0x8 ./startup/startup_mk64f12.o
                0x00000ab8                UART0_RX_TX_IRQHandler
 .text.UART0_ERR_IRQHandler
                0x00000ac0        0x8 ./startup/startup_mk64f12.o
                0x00000ac0                UART0_ERR_IRQHandler
 .text.UART1_RX_TX_IRQHandler
                0x00000ac8        0x8 ./startup/startup_mk64f12.o
                0x00000ac8                UART1_RX_TX_IRQHandler
 .text.UART1_ERR_IRQHandler
                0x00000ad0        0x8 ./startup/startup_mk64f12.o
                0x00000ad0                UART1_ERR_IRQHandler
 .text.UART2_RX_TX_IRQHandler
                0x00000ad8        0x8 ./startup/startup_mk64f12.o
                0x00000ad8                UART2_RX_TX_IRQHandler
 .text.UART2_ERR_IRQHandler
                0x00000ae0        0x8 ./startup/startup_mk64f12.o
                0x00000ae0                UART2_ERR_IRQHandler
 .text.UART3_RX_TX_IRQHandler
                0x00000ae8        0x8 ./startup/startup_mk64f12.o
                0x00000ae8                UART3_RX_TX_IRQHandler
 .text.UART3_ERR_IRQHandler
                0x00000af0        0x8 ./startup/startup_mk64f12.o
                0x00000af0                UART3_ERR_IRQHandler
 .text.ADC0_IRQHandler
                0x00000af8        0x8 ./startup/startup_mk64f12.o
                0x00000af8                ADC0_IRQHandler
 .text.CMP0_IRQHandler
                0x00000b00        0x8 ./startup/startup_mk64f12.o
                0x00000b00                CMP0_IRQHandler
 .text.CMP1_IRQHandler
                0x00000b08        0x8 ./startup/startup_mk64f12.o
                0x00000b08                CMP1_IRQHandler
 .text.FTM0_IRQHandler
                0x00000b10        0x8 ./startup/startup_mk64f12.o
                0x00000b10                FTM0_IRQHandler
 .text.FTM1_IRQHandler
                0x00000b18        0x8 ./startup/startup_mk64f12.o
                0x00000b18                FTM1_IRQHandler
 .text.FTM2_IRQHandler
                0x00000b20        0x8 ./startup/startup_mk64f12.o
                0x00000b20                FTM2_IRQHandler
 .text.CMT_IRQHandler
                0x00000b28        0x8 ./startup/startup_mk64f12.o
                0x00000b28                CMT_IRQHandler
 .text.RTC_IRQHandler
                0x00000b30        0x8 ./startup/startup_mk64f12.o
                0x00000b30                RTC_IRQHandler
 .text.RTC_Seconds_IRQHandler
                0x00000b38        0x8 ./startup/startup_mk64f12.o
                0x00000b38                RTC_Seconds_IRQHandler
 .text.PIT0_IRQHandler
                0x00000b40        0x8 ./startup/startup_mk64f12.o
                0x00000b40                PIT0_IRQHandler
 .text.PIT1_IRQHandler
                0x00000b48        0x8 ./startup/startup_mk64f12.o
                0x00000b48                PIT1_IRQHandler
 .text.PIT2_IRQHandler
                0x00000b50        0x8 ./startup/startup_mk64f12.o
                0x00000b50                PIT2_IRQHandler
 .text.PIT3_IRQHandler
                0x00000b58        0x8 ./startup/startup_mk64f12.o
                0x00000b58                PIT3_IRQHandler
 .text.PDB0_IRQHandler
                0x00000b60        0x8 ./startup/startup_mk64f12.o
                0x00000b60                PDB0_IRQHandler
 .text.USB0_IRQHandler
                0x00000b68        0x8 ./startup/startup_mk64f12.o
                0x00000b68                USB0_IRQHandler
 .text.USBDCD_IRQHandler
                0x00000b70        0x8 ./startup/startup_mk64f12.o
                0x00000b70                USBDCD_IRQHandler
 .text.Reserved71_IRQHandler
                0x00000b78        0x8 ./startup/startup_mk64f12.o
                0x00000b78                Reserved71_IRQHandler
 .text.DAC0_IRQHandler
                0x00000b80        0x8 ./startup/startup_mk64f12.o
                0x00000b80                DAC0_IRQHandler
 .text.MCG_IRQHandler
                0x00000b88        0x8 ./startup/startup_mk64f12.o
                0x00000b88                MCG_IRQHandler
 .text.LPTMR0_IRQHandler
                0x00000b90        0x8 ./startup/startup_mk64f12.o
                0x00000b90                LPTMR0_IRQHandler
 .text.PORTA_IRQHandler
                0x00000b98        0x8 ./startup/startup_mk64f12.o
                0x00000b98                PORTA_IRQHandler
 .text.PORTB_IRQHandler
                0x00000ba0        0x8 ./startup/startup_mk64f12.o
                0x00000ba0                PORTB_IRQHandler
 .text.PORTC_IRQHandler
                0x00000ba8        0x8 ./startup/startup_mk64f12.o
                0x00000ba8                PORTC_IRQHandler
 .text.PORTD_IRQHandler
                0x00000bb0        0x8 ./startup/startup_mk64f12.o
                0x00000bb0                PORTD_IRQHandler
 .text.PORTE_IRQHandler
                0x00000bb8        0x8 ./startup/startup_mk64f12.o
                0x00000bb8                PORTE_IRQHandler
 .text.SWI_IRQHandler
                0x00000bc0        0x8 ./startup/startup_mk64f12.o
                0x00000bc0                SWI_IRQHandler
 .text.SPI2_IRQHandler
                0x00000bc8        0x8 ./startup/startup_mk64f12.o
                0x00000bc8                SPI2_IRQHandler
 .text.UART4_RX_TX_IRQHandler
                0x00000bd0        0x8 ./startup/startup_mk64f12.o
                0x00000bd0                UART4_RX_TX_IRQHandler
 .text.UART4_ERR_IRQHandler
                0x00000bd8        0x8 ./startup/startup_mk64f12.o
                0x00000bd8                UART4_ERR_IRQHandler
 .text.UART5_RX_TX_IRQHandler
                0x00000be0        0x8 ./startup/startup_mk64f12.o
                0x00000be0                UART5_RX_TX_IRQHandler
 .text.UART5_ERR_IRQHandler
                0x00000be8        0x8 ./startup/startup_mk64f12.o
                0x00000be8                UART5_ERR_IRQHandler
 .text.CMP2_IRQHandler
                0x00000bf0        0x8 ./startup/startup_mk64f12.o
                0x00000bf0                CMP2_IRQHandler
 .text.FTM3_IRQHandler
                0x00000bf8        0x8 ./startup/startup_mk64f12.o
                0x00000bf8                FTM3_IRQHandler
 .text.DAC1_IRQHandler
                0x00000c00        0x8 ./startup/startup_mk64f12.o
                0x00000c00                DAC1_IRQHandler
 .text.ADC1_IRQHandler
                0x00000c08        0x8 ./startup/startup_mk64f12.o
                0x00000c08                ADC1_IRQHandler
 .text.I2C2_IRQHandler
                0x00000c10        0x8 ./startup/startup_mk64f12.o
                0x00000c10                I2C2_IRQHandler
 .text.CAN0_ORed_Message_buffer_IRQHandler
                0x00000c18        0x8 ./startup/startup_mk64f12.o
                0x00000c18                CAN0_ORed_Message_buffer_IRQHandler
 .text.CAN0_Bus_Off_IRQHandler
                0x00000c20        0x8 ./startup/startup_mk64f12.o
                0x00000c20                CAN0_Bus_Off_IRQHandler
 .text.CAN0_Error_IRQHandler
                0x00000c28        0x8 ./startup/startup_mk64f12.o
                0x00000c28                CAN0_Error_IRQHandler
 .text.CAN0_Tx_Warning_IRQHandler
                0x00000c30        0x8 ./startup/startup_mk64f12.o
                0x00000c30                CAN0_Tx_Warning_IRQHandler
 .text.CAN0_Rx_Warning_IRQHandler
                0x00000c38        0x8 ./startup/startup_mk64f12.o
                0x00000c38                CAN0_Rx_Warning_IRQHandler
 .text.CAN0_Wake_Up_IRQHandler
                0x00000c40        0x8 ./startup/startup_mk64f12.o
                0x00000c40                CAN0_Wake_Up_IRQHandler
 .text.SDHC_IRQHandler
                0x00000c48        0x8 ./startup/startup_mk64f12.o
                0x00000c48                SDHC_IRQHandler
 .text.ENET_1588_Timer_IRQHandler
                0x00000c50        0x8 ./startup/startup_mk64f12.o
                0x00000c50                ENET_1588_Timer_IRQHandler
 .text.ENET_Transmit_IRQHandler
                0x00000c58        0x8 ./startup/startup_mk64f12.o
                0x00000c58                ENET_Transmit_IRQHandler
 .text.ENET_Receive_IRQHandler
                0x00000c60        0x8 ./startup/startup_mk64f12.o
                0x00000c60                ENET_Receive_IRQHandler
 .text.ENET_Error_IRQHandler
                0x00000c68        0x8 ./startup/startup_mk64f12.o
                0x00000c68                ENET_Error_IRQHandler
 .text.write    0x00000c70       0x20 ./source/PIT3.o
                0x00000c70                write
 .text.read     0x00000c90       0x1c ./source/PIT3.o
                0x00000c90                read
 .text.readModifyWrite
                0x00000cac       0x28 ./source/PIT3.o
                0x00000cac                readModifyWrite
 .text.HardFault_Handler
                0x00000cd4       0x2c ./source/semihost_hardfault.o
                0x00000cd4                HardFault_Handler
 .text.UART0_RX_TX_DriverIRQHandler
                0x00000d00       0x12 ./drivers/fsl_uart.o
                0x00000d00                UART0_RX_TX_DriverIRQHandler
 .text.UART1_RX_TX_DriverIRQHandler
                0x00000d12       0x12 ./drivers/fsl_uart.o
                0x00000d12                UART1_RX_TX_DriverIRQHandler
 .text.UART2_RX_TX_DriverIRQHandler
                0x00000d24       0x12 ./drivers/fsl_uart.o
                0x00000d24                UART2_RX_TX_DriverIRQHandler
 .text.UART3_RX_TX_DriverIRQHandler
                0x00000d36       0x12 ./drivers/fsl_uart.o
                0x00000d36                UART3_RX_TX_DriverIRQHandler
 .text.UART4_RX_TX_DriverIRQHandler
                0x00000d48       0x12 ./drivers/fsl_uart.o
                0x00000d48                UART4_RX_TX_DriverIRQHandler
 .text.UART5_RX_TX_DriverIRQHandler
                0x00000d5a       0x12 ./drivers/fsl_uart.o
                0x00000d5a                UART5_RX_TX_DriverIRQHandler
 .text.SystemInitHook
                0x00000d6c        0xe ./device/system_MK64F12.o
                0x00000d6c                SystemInitHook
 .text.__main   0x00000d7a        0xe c:/nxp/mcuxpressoide_11.7.1_9221/ide/plugins/com.nxp.mcuxpresso.tools.win32_11.7.1.202301190959/tools/bin/../lib/gcc/arm-none-eabi/10.3.1/../../../../arm-none-eabi/lib/thumb/v7e-m+fp/hard\libcr_nohost_nf.a(_cr__main.o)
                0x00000d7a                __main
 .text.memset   0x00000d88        0x4 c:/nxp/mcuxpressoide_11.7.1_9221/ide/plugins/com.nxp.mcuxpresso.tools.win32_11.7.1.202301190959/tools/bin/../lib/gcc/arm-none-eabi/10.3.1/../../../../arm-none-eabi/lib/thumb/v7e-m+fp/hard\libcr_c.a(memset.o)
                0x00000d88                memset
 .text.free     0x00000d8c       0x30 c:/nxp/mcuxpressoide_11.7.1_9221/ide/plugins/com.nxp.mcuxpresso.tools.win32_11.7.1.202301190959/tools/bin/../lib/gcc/arm-none-eabi/10.3.1/../../../../arm-none-eabi/lib/thumb/v7e-m+fp/hard\libcr_c.a(alloc.o)
                0x00000d8c                free
 .text.setvbuf  0x00000dbc       0x3e c:/nxp/mcuxpressoide_11.7.1_9221/ide/plugins/com.nxp.mcuxpresso.tools.win32_11.7.1.202301190959/tools/bin/../lib/gcc/arm-none-eabi/10.3.1/../../../../arm-none-eabi/lib/thumb/v7e-m+fp/hard\libcr_c.a(setvbuf.o)
                0x00000dbc                setvbuf
 .text.strlen   0x00000dfa       0x48 c:/nxp/mcuxpressoide_11.7.1_9221/ide/plugins/com.nxp.mcuxpresso.tools.win32_11.7.1.202301190959/tools/bin/../lib/gcc/arm-none-eabi/10.3.1/../../../../arm-none-eabi/lib/thumb/v7e-m+fp/hard\libcr_c.a(strlen.o)
                0x00000dfa                strlen
 .text._fdopen  0x00000e42       0x68 c:/nxp/mcuxpressoide_11.7.1_9221/ide/plugins/com.nxp.mcuxpresso.tools.win32_11.7.1.202301190959/tools/bin/../lib/gcc/arm-none-eabi/10.3.1/../../../../arm-none-eabi/lib/thumb/v7e-m+fp/hard\libcr_c.a(_fdopen.o)
                0x00000e42                _fdopen
 .text.fclose   0x00000eaa       0x58 c:/nxp/mcuxpressoide_11.7.1_9221/ide/plugins/com.nxp.mcuxpresso.tools.win32_11.7.1.202301190959/tools/bin/../lib/gcc/arm-none-eabi/10.3.1/../../../../arm-none-eabi/lib/thumb/v7e-m+fp/hard\libcr_c.a(fclose.o)
                0x00000eaa                fclose
 .text.remove   0x00000f02       0x14 c:/nxp/mcuxpressoide_11.7.1_9221/ide/plugins/com.nxp.mcuxpresso.tools.win32_11.7.1.202301190959/tools/bin/../lib/gcc/arm-none-eabi/10.3.1/../../../../arm-none-eabi/lib/thumb/v7e-m+fp/hard\libcr_c.a(remove.o)
                0x00000f02                remove
 .text._do_fflush
                0x00000f16       0x40 c:/nxp/mcuxpressoide_11.7.1_9221/ide/plugins/com.nxp.mcuxpresso.tools.win32_11.7.1.202301190959/tools/bin/../lib/gcc/arm-none-eabi/10.3.1/../../../../arm-none-eabi/lib/thumb/v7e-m+fp/hard\libcr_c.a(_do_fflush.o)
                0x00000f16                _do_fflush
 .text._fflush  0x00000f56       0x52 c:/nxp/mcuxpressoide_11.7.1_9221/ide/plugins/com.nxp.mcuxpresso.tools.win32_11.7.1.202301190959/tools/bin/../lib/gcc/arm-none-eabi/10.3.1/../../../../arm-none-eabi/lib/thumb/v7e-m+fp/hard\libcr_c.a(_fflush.o)
                0x00000f56                _fflush
 .text._deferredlazyseek
                0x00000fa8       0x40 c:/nxp/mcuxpressoide_11.7.1_9221/ide/plugins/com.nxp.mcuxpresso.tools.win32_11.7.1.202301190959/tools/bin/../lib/gcc/arm-none-eabi/10.3.1/../../../../arm-none-eabi/lib/thumb/v7e-m+fp/hard\libcr_c.a(_deferredlazyseek.o)
                0x00000fa8                _deferredlazyseek
 .text.__aeabi_memset_lowlevel
                0x00000fe8       0x32 c:/nxp/mcuxpressoide_11.7.1_9221/ide/plugins/com.nxp.mcuxpresso.tools.win32_11.7.1.202301190959/tools/bin/../lib/gcc/arm-none-eabi/10.3.1/thumb/v7e-m+fp/hard\libcr_eabihelpers.a(memcpy.o)
                0x00000fe8                __aeabi_lowlevel_memset
 .text.__sys_close
                0x0000101a        0x6 c:/nxp/mcuxpressoide_11.7.1_9221/ide/plugins/com.nxp.mcuxpresso.tools.win32_11.7.1.202301190959/tools/bin/../lib/gcc/arm-none-eabi/10.3.1/../../../../arm-none-eabi/lib/thumb/v7e-m+fp/hard\libcr_nohost_nf.a(__sys_close.o)
                0x0000101a                __sys_close
 .text.__sys_flen
                0x00001020        0x6 c:/nxp/mcuxpressoide_11.7.1_9221/ide/plugins/com.nxp.mcuxpresso.tools.win32_11.7.1.202301190959/tools/bin/../lib/gcc/arm-none-eabi/10.3.1/../../../../arm-none-eabi/lib/thumb/v7e-m+fp/hard\libcr_nohost_nf.a(__sys_flen.o)
                0x00001020                __sys_flen
 .text.__sys_istty
                0x00001026        0x6 c:/nxp/mcuxpressoide_11.7.1_9221/ide/plugins/com.nxp.mcuxpresso.tools.win32_11.7.1.202301190959/tools/bin/../lib/gcc/arm-none-eabi/10.3.1/../../../../arm-none-eabi/lib/thumb/v7e-m+fp/hard\libcr_nohost_nf.a(__sys_istty.o)
                0x00001026                __sys_istty
 .text.__sys_remove
                0x0000102c        0x6 c:/nxp/mcuxpressoide_11.7.1_9221/ide/plugins/com.nxp.mcuxpresso.tools.win32_11.7.1.202301190959/tools/bin/../lib/gcc/arm-none-eabi/10.3.1/../../../../arm-none-eabi/lib/thumb/v7e-m+fp/hard\libcr_nohost_nf.a(__sys_remove.o)
                0x0000102c                __sys_remove
 .text.__sys_seek
                0x00001032        0x6 c:/nxp/mcuxpressoide_11.7.1_9221/ide/plugins/com.nxp.mcuxpresso.tools.win32_11.7.1.202301190959/tools/bin/../lib/gcc/arm-none-eabi/10.3.1/../../../../arm-none-eabi/lib/thumb/v7e-m+fp/hard\libcr_nohost_nf.a(__sys_seek.o)
                0x00001032                __sys_seek
 .text.__sys_tmpnam
                0x00001038        0x6 c:/nxp/mcuxpressoide_11.7.1_9221/ide/plugins/com.nxp.mcuxpresso.tools.win32_11.7.1.202301190959/tools/bin/../lib/gcc/arm-none-eabi/10.3.1/../../../../arm-none-eabi/lib/thumb/v7e-m+fp/hard\libcr_nohost_nf.a(__sys_tmpnam.o)
                0x00001038                __sys_tmpnam
 .text.__sys_write
                0x0000103e        0x4 c:/nxp/mcuxpressoide_11.7.1_9221/ide/plugins/com.nxp.mcuxpresso.tools.win32_11.7.1.202301190959/tools/bin/../lib/gcc/arm-none-eabi/10.3.1/../../../../arm-none-eabi/lib/thumb/v7e-m+fp/hard\libcr_nohost_nf.a(__sys_write.o)
                0x0000103e                __sys_write
 *(SORT_BY_ALIGNMENT(.rodata) SORT_BY_ALIGNMENT(.rodata.*) SORT_BY_ALIGNMENT(.constdata) SORT_BY_ALIGNMENT(.constdata.*))
 *fill*         0x00001042        0x2 ff
 .rodata.__num_Ciob_streams
                0x00001044        0x4 c:/nxp/mcuxpressoide_11.7.1_9221/ide/plugins/com.nxp.mcuxpresso.tools.win32_11.7.1.202301190959/tools/bin/../lib/gcc/arm-none-eabi/10.3.1/../../../../arm-none-eabi/lib/thumb/v7e-m+fp/hard\libcr_nohost_nf.a(__ciob.o)
                0x00001044                __num_Ciob_streams
 .rodata._initio.str1.1
                0x00001048        0x4 c:/nxp/mcuxpressoide_11.7.1_9221/ide/plugins/com.nxp.mcuxpresso.tools.win32_11.7.1.202301190959/tools/bin/../lib/gcc/arm-none-eabi/10.3.1/../../../../arm-none-eabi/lib/thumb/v7e-m+fp/hard\libcr_c.a(initio.o)
                0x00001050                . = ALIGN (0x8)
 *fill*         0x0000104c        0x4 ff

.glue_7         0x00001050        0x0
 .glue_7        0x00001050        0x0 linker stubs

.glue_7t        0x00001050        0x0
 .glue_7t       0x00001050        0x0 linker stubs

.vfp11_veneer   0x00001050        0x0
 .vfp11_veneer  0x00001050        0x0 linker stubs

.v4_bx          0x00001050        0x0
 .v4_bx         0x00001050        0x0 linker stubs

.iplt           0x00001050        0x0
 .iplt          0x00001050        0x0 ./startup/startup_mk64f12.o

.rel.dyn        0x00001050        0x0
 .rel.iplt      0x00001050        0x0 ./startup/startup_mk64f12.o

.ARM.extab
 *(SORT_BY_ALIGNMENT(.ARM.extab*) SORT_BY_ALIGNMENT(.gnu.linkonce.armextab.*))

.ARM.exidx      0x00001050        0x0
                0x00001050                __exidx_start = .
 *(SORT_BY_ALIGNMENT(.ARM.exidx*) SORT_BY_ALIGNMENT(.gnu.linkonce.armexidx.*))
                0x00001050                __exidx_end = .
                0x00001050                _etext = .

.m_usb_data
 *(SORT_BY_ALIGNMENT(m_usb_bdt))

.data_RAM2      0x1fff0000        0x0 load address 0x00001050
 FILL mask 0xff
                [!provide]                PROVIDE (__start_data_RAM2 = .)
                [!provide]                PROVIDE (__start_data_SRAM_LOWER = .)
 *(SORT_BY_ALIGNMENT(.ramfunc.$RAM2))
 *(SORT_BY_ALIGNMENT(.ramfunc.$SRAM_LOWER))
 *(SORT_BY_ALIGNMENT(.data.$RAM2))
 *(SORT_BY_ALIGNMENT(.data.$SRAM_LOWER))
 *(SORT_BY_ALIGNMENT(.data.$RAM2.*))
 *(SORT_BY_ALIGNMENT(.data.$SRAM_LOWER.*))
                0x1fff0000                . = ALIGN (0x8)
                [!provide]                PROVIDE (__end_data_RAM2 = .)
                [!provide]                PROVIDE (__end_data_SRAM_LOWER = .)

.data_RAM3      0x14000000        0x0 load address 0x00001050
 FILL mask 0xff
                [!provide]                PROVIDE (__start_data_RAM3 = .)
                [!provide]                PROVIDE (__start_data_FLEX_RAM = .)
 *(SORT_BY_ALIGNMENT(.ramfunc.$RAM3))
 *(SORT_BY_ALIGNMENT(.ramfunc.$FLEX_RAM))
 *(SORT_BY_ALIGNMENT(.data.$RAM3))
 *(SORT_BY_ALIGNMENT(.data.$FLEX_RAM))
 *(SORT_BY_ALIGNMENT(.data.$RAM3.*))
 *(SORT_BY_ALIGNMENT(.data.$FLEX_RAM.*))
                0x14000000                . = ALIGN (0x8)
                [!provide]                PROVIDE (__end_data_RAM3 = .)
                [!provide]                PROVIDE (__end_data_FLEX_RAM = .)

.uninit_RESERVED
                0x20000000        0x0
                0x20000000                _start_uninit_RESERVED = .
 *(SORT_BY_ALIGNMENT(.bss.$RESERVED*))
                0x20000000                . = ALIGN (0x8)
                0x20000000                _end_uninit_RESERVED = .

.data           0x20000000        0x0 load address 0x00001050
 FILL mask 0xff
                0x20000000                _data = .
                [!provide]                PROVIDE (__start_data_RAM = .)
                [!provide]                PROVIDE (__start_data_SRAM_UPPER = .)
 *(SORT_BY_ALIGNMENT(vtable))
 *(SORT_BY_ALIGNMENT(.ramfunc*))
 *(SORT_BY_ALIGNMENT(CodeQuickAccess))
 *(SORT_BY_ALIGNMENT(DataQuickAccess))
 *(SORT_BY_ALIGNMENT(RamFunction))
 *(SORT_BY_ALIGNMENT(.data*))
                0x20000000                . = ALIGN (0x8)
                0x20000000                _edata = .
                [!provide]                PROVIDE (__end_data_RAM = .)
                [!provide]                PROVIDE (__end_data_SRAM_UPPER = .)

.igot.plt       0x20000000        0x0 load address 0x00001050
 .igot.plt      0x20000000        0x0 ./startup/startup_mk64f12.o

.bss_RAM2       0x1fff0000        0x0
                [!provide]                PROVIDE (__start_bss_RAM2 = .)
                [!provide]                PROVIDE (__start_bss_SRAM_LOWER = .)
 *(SORT_BY_ALIGNMENT(.bss.$RAM2))
 *(SORT_BY_ALIGNMENT(.bss.$SRAM_LOWER))
 *(SORT_BY_ALIGNMENT(.bss.$RAM2.*))
 *(SORT_BY_ALIGNMENT(.bss.$SRAM_LOWER.*))
                0x1fff0000                . = ALIGN ((. != 0x0)?0x8:0x1)
                [!provide]                PROVIDE (__end_bss_RAM2 = .)
                [!provide]                PROVIDE (__end_bss_SRAM_LOWER = .)

.bss_RAM3       0x14000000        0x0
                [!provide]                PROVIDE (__start_bss_RAM3 = .)
                [!provide]                PROVIDE (__start_bss_FLEX_RAM = .)
 *(SORT_BY_ALIGNMENT(.bss.$RAM3))
 *(SORT_BY_ALIGNMENT(.bss.$FLEX_RAM))
 *(SORT_BY_ALIGNMENT(.bss.$RAM3.*))
 *(SORT_BY_ALIGNMENT(.bss.$FLEX_RAM.*))
                0x14000000                . = ALIGN ((. != 0x0)?0x8:0x1)
                [!provide]                PROVIDE (__end_bss_RAM3 = .)
                [!provide]                PROVIDE (__end_bss_FLEX_RAM = .)

.bss            0x20000000       0xd8
                0x20000000                _bss = .
                [!provide]                PROVIDE (__start_bss_RAM = .)
                [!provide]                PROVIDE (__start_bss_SRAM_UPPER = .)
 *(SORT_BY_ALIGNMENT(.bss*))
 .bss.s_uartHandle
                0x20000000       0x18 ./drivers/fsl_uart.o
                0x20000000                s_uartHandle
 .bss.s_uartIsr
                0x20000018        0x4 ./drivers/fsl_uart.o
                0x20000018                s_uartIsr
 .bss.errno     0x2000001c        0x4 c:/nxp/mcuxpressoide_11.7.1_9221/ide/plugins/com.nxp.mcuxpresso.tools.win32_11.7.1.202301190959/tools/bin/../lib/gcc/arm-none-eabi/10.3.1/../../../../arm-none-eabi/lib/thumb/v7e-m+fp/hard\libcr_c.a(errno.o)
                0x2000001c                errno
 .bss.__Ciob    0x20000020       0xb4 c:/nxp/mcuxpressoide_11.7.1_9221/ide/plugins/com.nxp.mcuxpresso.tools.win32_11.7.1.202301190959/tools/bin/../lib/gcc/arm-none-eabi/10.3.1/../../../../arm-none-eabi/lib/thumb/v7e-m+fp/hard\libcr_nohost_nf.a(__ciob.o)
                0x20000020                __Ciob
 *(SORT_BY_ALIGNMENT(COMMON))
                0x200000d8                . = ALIGN (0x8)
 *fill*         0x200000d4        0x4 
                0x200000d8                _ebss = .
                [!provide]                PROVIDE (__end_bss_RAM = .)
                [!provide]                PROVIDE (__end_bss_SRAM_UPPER = .)
                [!provide]                PROVIDE (end = .)

.noinit_RAM2    0x1fff0000        0x0
                [!provide]                PROVIDE (__start_noinit_RAM2 = .)
                [!provide]                PROVIDE (__start_noinit_SRAM_LOWER = .)
 *(SORT_BY_ALIGNMENT(.noinit.$RAM2))
 *(SORT_BY_ALIGNMENT(.noinit.$SRAM_LOWER))
 *(SORT_BY_ALIGNMENT(.noinit.$RAM2.*))
 *(SORT_BY_ALIGNMENT(.noinit.$SRAM_LOWER.*))
                0x1fff0000                . = ALIGN (0x8)
                [!provide]                PROVIDE (__end_noinit_RAM2 = .)
                [!provide]                PROVIDE (__end_noinit_SRAM_LOWER = .)

.noinit_RAM3    0x14000000        0x0
                [!provide]                PROVIDE (__start_noinit_RAM3 = .)
                [!provide]                PROVIDE (__start_noinit_FLEX_RAM = .)
 *(SORT_BY_ALIGNMENT(.noinit.$RAM3))
 *(SORT_BY_ALIGNMENT(.noinit.$FLEX_RAM))
 *(SORT_BY_ALIGNMENT(.noinit.$RAM3.*))
 *(SORT_BY_ALIGNMENT(.noinit.$FLEX_RAM.*))
                0x14000000                . = ALIGN (0x8)
                [!provide]                PROVIDE (__end_noinit_RAM3 = .)
                [!provide]                PROVIDE (__end_noinit_FLEX_RAM = .)

.noinit         0x200000d8        0x0
                0x200000d8                _noinit = .
                [!provide]                PROVIDE (__start_noinit_RAM = .)
                [!provide]                PROVIDE (__start_noinit_SRAM_UPPER = .)
 *(SORT_BY_ALIGNMENT(.noinit*))
                0x200000d8                . = ALIGN (0x8)
                0x200000d8                _end_noinit = .
                [!provide]                PROVIDE (__end_noinit_RAM = .)
                [!provide]                PROVIDE (__end_noinit_SRAM_UPPER = .)
                0x00001000                _HeapSize = 0x1000

.heap           0x200000d8     0x1000
                0x200000d8                _pvHeapStart = .
                0x200010d8                . = (. + _HeapSize)
 *fill*         0x200000d8     0x1000 
                0x200010d8                . = ALIGN (0x8)
                0x200010d8                _pvHeapLimit = .
                0x00001000                _StackSize = 0x1000

.heap2stackfill
                0x200010d8     0x1000
                0x200020d8                . = (. + _StackSize)
 *fill*         0x200010d8     0x1000 

.stack          0x2002f000        0x0
                0x2002f000                _vStackBase = .
                0x2002f000                . = ALIGN (0x8)
                0x20030000                _vStackTop = (. + _StackSize)
                0x00000000                _image_start = LOADADDR (.text)
                0x00001050                _image_end = (LOADADDR (.data) + SIZEOF (.data))
                0x00001050                _image_size = (_image_end - _image_start)
OUTPUT(frdmk64f_PIT3.axf elf32-littlearm)
LOAD linker stubs

.debug_info     0x00000000     0x31c4
 .debug_info    0x00000000      0x93a ./startup/startup_mk64f12.o
 .debug_info    0x0000093a      0x275 ./source/PIT3.o
 .debug_info    0x00000baf       0x3c ./source/semihost_hardfault.o
 .debug_info    0x00000beb     0x1f90 ./drivers/fsl_uart.o
 .debug_info    0x00002b7b      0x649 ./device/system_MK64F12.o

.debug_abbrev   0x00000000      0x851
 .debug_abbrev  0x00000000      0x185 ./startup/startup_mk64f12.o
 .debug_abbrev  0x00000185      0x125 ./source/PIT3.o
 .debug_abbrev  0x000002aa       0x31 ./source/semihost_hardfault.o
 .debug_abbrev  0x000002db      0x42e ./drivers/fsl_uart.o
 .debug_abbrev  0x00000709      0x148 ./device/system_MK64F12.o

.debug_aranges  0x00000000      0x5a8
 .debug_aranges
                0x00000000      0x330 ./startup/startup_mk64f12.o
 .debug_aranges
                0x00000330       0x70 ./source/PIT3.o
 .debug_aranges
                0x000003a0       0x20 ./source/semihost_hardfault.o
 .debug_aranges
                0x000003c0      0x1b8 ./drivers/fsl_uart.o
 .debug_aranges
                0x00000578       0x30 ./device/system_MK64F12.o

.debug_ranges   0x00000000      0x558
 .debug_ranges  0x00000000      0x320 ./startup/startup_mk64f12.o
 .debug_ranges  0x00000320       0x60 ./source/PIT3.o
 .debug_ranges  0x00000380       0x10 ./source/semihost_hardfault.o
 .debug_ranges  0x00000390      0x1a8 ./drivers/fsl_uart.o
 .debug_ranges  0x00000538       0x20 ./device/system_MK64F12.o

.debug_macro    0x00000000      0x5ae
 .debug_macro   0x00000000       0x29 ./startup/startup_mk64f12.o
 .debug_macro   0x00000029      0x166 ./source/PIT3.o
 .debug_macro   0x0000018f       0x52 ./source/PIT3.o
 .debug_macro   0x000001e1       0x1c ./source/PIT3.o
 .debug_macro   0x000001fd       0x16 ./source/PIT3.o
 .debug_macro   0x00000213       0x16 ./source/PIT3.o
 .debug_macro   0x00000229      0x1a5 ./source/PIT3.o
 .debug_macro   0x000003ce       0x11 ./source/semihost_hardfault.o
 .debug_macro   0x000003df      0x127 ./drivers/fsl_uart.o
 .debug_macro   0x00000506       0x10 ./drivers/fsl_uart.o
 .debug_macro   0x00000516       0x98 ./device/system_MK64F12.o

.debug_line     0x00000000     0x2690
 .debug_line    0x00000000      0x911 ./startup/startup_mk64f12.o
 .debug_line    0x00000911      0x50b ./source/PIT3.o
 .debug_line    0x00000e1c       0x59 ./source/semihost_hardfault.o
 .debug_line    0x00000e75     0x145e ./drivers/fsl_uart.o
 .debug_line    0x000022d3      0x3bd ./device/system_MK64F12.o

.debug_str      0x00000000    0x7d774
 .debug_str     0x00000000     0x35a4 ./startup/startup_mk64f12.o
                               0x3650 (size before relaxing)
 .debug_str     0x000035a4    0x77f06 ./source/PIT3.o
                              0x7ad55 (size before relaxing)
 .debug_str     0x0007b4aa       0x1f ./source/semihost_hardfault.o
                               0x2df5 (size before relaxing)
 .debug_str     0x0007b4c9     0x20c8 ./drivers/fsl_uart.o
                              0x7be86 (size before relaxing)
 .debug_str     0x0007d591      0x1e3 ./device/system_MK64F12.o
                              0x78435 (size before relaxing)

.comment        0x00000000       0x49
 .comment       0x00000000       0x49 ./startup/startup_mk64f12.o
                                 0x4a (size before relaxing)
 .comment       0x00000049       0x4a ./source/PIT3.o
 .comment       0x00000049       0x4a ./source/semihost_hardfault.o
 .comment       0x00000049       0x4a ./drivers/fsl_uart.o
 .comment       0x00000049       0x4a ./device/system_MK64F12.o
 .comment       0x00000049       0x4a c:/nxp/mcuxpressoide_11.7.1_9221/ide/plugins/com.nxp.mcuxpresso.tools.win32_11.7.1.202301190959/tools/bin/../lib/gcc/arm-none-eabi/10.3.1/../../../../arm-none-eabi/lib/thumb/v7e-m+fp/hard\libcr_nohost_nf.a(_cr__main.o)
 .comment       0x00000049       0x4a c:/nxp/mcuxpressoide_11.7.1_9221/ide/plugins/com.nxp.mcuxpresso.tools.win32_11.7.1.202301190959/tools/bin/../lib/gcc/arm-none-eabi/10.3.1/../../../../arm-none-eabi/lib/thumb/v7e-m+fp/hard\libcr_c.a(memset.o)
 .comment       0x00000049       0x4a c:/nxp/mcuxpressoide_11.7.1_9221/ide/plugins/com.nxp.mcuxpresso.tools.win32_11.7.1.202301190959/tools/bin/../lib/gcc/arm-none-eabi/10.3.1/../../../../arm-none-eabi/lib/thumb/v7e-m+fp/hard\libcr_c.a(alloc.o)
 .comment       0x00000049       0x4a c:/nxp/mcuxpressoide_11.7.1_9221/ide/plugins/com.nxp.mcuxpresso.tools.win32_11.7.1.202301190959/tools/bin/../lib/gcc/arm-none-eabi/10.3.1/../../../../arm-none-eabi/lib/thumb/v7e-m+fp/hard\libcr_c.a(initio.o)
 .comment       0x00000049       0x4a c:/nxp/mcuxpressoide_11.7.1_9221/ide/plugins/com.nxp.mcuxpresso.tools.win32_11.7.1.202301190959/tools/bin/../lib/gcc/arm-none-eabi/10.3.1/../../../../arm-none-eabi/lib/thumb/v7e-m+fp/hard\libcr_c.a(setvbuf.o)
 .comment       0x00000049       0x4a c:/nxp/mcuxpressoide_11.7.1_9221/ide/plugins/com.nxp.mcuxpresso.tools.win32_11.7.1.202301190959/tools/bin/../lib/gcc/arm-none-eabi/10.3.1/../../../../arm-none-eabi/lib/thumb/v7e-m+fp/hard\libcr_c.a(strlen.o)
 .comment       0x00000049       0x4a c:/nxp/mcuxpressoide_11.7.1_9221/ide/plugins/com.nxp.mcuxpresso.tools.win32_11.7.1.202301190959/tools/bin/../lib/gcc/arm-none-eabi/10.3.1/../../../../arm-none-eabi/lib/thumb/v7e-m+fp/hard\libcr_c.a(_fdopen.o)
 .comment       0x00000049       0x4a c:/nxp/mcuxpressoide_11.7.1_9221/ide/plugins/com.nxp.mcuxpresso.tools.win32_11.7.1.202301190959/tools/bin/../lib/gcc/arm-none-eabi/10.3.1/../../../../arm-none-eabi/lib/thumb/v7e-m+fp/hard\libcr_c.a(errno.o)
 .comment       0x00000049       0x4a c:/nxp/mcuxpressoide_11.7.1_9221/ide/plugins/com.nxp.mcuxpresso.tools.win32_11.7.1.202301190959/tools/bin/../lib/gcc/arm-none-eabi/10.3.1/../../../../arm-none-eabi/lib/thumb/v7e-m+fp/hard\libcr_c.a(fclose.o)
 .comment       0x00000049       0x4a c:/nxp/mcuxpressoide_11.7.1_9221/ide/plugins/com.nxp.mcuxpresso.tools.win32_11.7.1.202301190959/tools/bin/../lib/gcc/arm-none-eabi/10.3.1/../../../../arm-none-eabi/lib/thumb/v7e-m+fp/hard\libcr_c.a(fflush.o)
 .comment       0x00000049       0x4a c:/nxp/mcuxpressoide_11.7.1_9221/ide/plugins/com.nxp.mcuxpresso.tools.win32_11.7.1.202301190959/tools/bin/../lib/gcc/arm-none-eabi/10.3.1/../../../../arm-none-eabi/lib/thumb/v7e-m+fp/hard\libcr_c.a(fseek.o)
 .comment       0x00000049       0x4a c:/nxp/mcuxpressoide_11.7.1_9221/ide/plugins/com.nxp.mcuxpresso.tools.win32_11.7.1.202301190959/tools/bin/../lib/gcc/arm-none-eabi/10.3.1/../../../../arm-none-eabi/lib/thumb/v7e-m+fp/hard\libcr_c.a(ftell.o)
 .comment       0x00000049       0x4a c:/nxp/mcuxpressoide_11.7.1_9221/ide/plugins/com.nxp.mcuxpresso.tools.win32_11.7.1.202301190959/tools/bin/../lib/gcc/arm-none-eabi/10.3.1/../../../../arm-none-eabi/lib/thumb/v7e-m+fp/hard\libcr_c.a(remove.o)
 .comment       0x00000049       0x4a c:/nxp/mcuxpressoide_11.7.1_9221/ide/plugins/com.nxp.mcuxpresso.tools.win32_11.7.1.202301190959/tools/bin/../lib/gcc/arm-none-eabi/10.3.1/../../../../arm-none-eabi/lib/thumb/v7e-m+fp/hard\libcr_c.a(_do_fflush.o)
 .comment       0x00000049       0x4a c:/nxp/mcuxpressoide_11.7.1_9221/ide/plugins/com.nxp.mcuxpresso.tools.win32_11.7.1.202301190959/tools/bin/../lib/gcc/arm-none-eabi/10.3.1/../../../../arm-none-eabi/lib/thumb/v7e-m+fp/hard\libcr_c.a(_fflush.o)
 .comment       0x00000049       0x4a c:/nxp/mcuxpressoide_11.7.1_9221/ide/plugins/com.nxp.mcuxpresso.tools.win32_11.7.1.202301190959/tools/bin/../lib/gcc/arm-none-eabi/10.3.1/../../../../arm-none-eabi/lib/thumb/v7e-m+fp/hard\libcr_c.a(_writebuf.o)
 .comment       0x00000049       0x4a c:/nxp/mcuxpressoide_11.7.1_9221/ide/plugins/com.nxp.mcuxpresso.tools.win32_11.7.1.202301190959/tools/bin/../lib/gcc/arm-none-eabi/10.3.1/../../../../arm-none-eabi/lib/thumb/v7e-m+fp/hard\libcr_c.a(_deferredlazyseek.o)
 .comment       0x00000049       0x4a c:/nxp/mcuxpressoide_11.7.1_9221/ide/plugins/com.nxp.mcuxpresso.tools.win32_11.7.1.202301190959/tools/bin/../lib/gcc/arm-none-eabi/10.3.1/../../../../arm-none-eabi/lib/thumb/v7e-m+fp/hard\libcr_nohost_nf.a(__ciob.o)
 .comment       0x00000049       0x4a c:/nxp/mcuxpressoide_11.7.1_9221/ide/plugins/com.nxp.mcuxpresso.tools.win32_11.7.1.202301190959/tools/bin/../lib/gcc/arm-none-eabi/10.3.1/../../../../arm-none-eabi/lib/thumb/v7e-m+fp/hard\libcr_nohost_nf.a(__sys_close.o)
 .comment       0x00000049       0x4a c:/nxp/mcuxpressoide_11.7.1_9221/ide/plugins/com.nxp.mcuxpresso.tools.win32_11.7.1.202301190959/tools/bin/../lib/gcc/arm-none-eabi/10.3.1/../../../../arm-none-eabi/lib/thumb/v7e-m+fp/hard\libcr_nohost_nf.a(__sys_flen.o)
 .comment       0x00000049       0x4a c:/nxp/mcuxpressoide_11.7.1_9221/ide/plugins/com.nxp.mcuxpresso.tools.win32_11.7.1.202301190959/tools/bin/../lib/gcc/arm-none-eabi/10.3.1/../../../../arm-none-eabi/lib/thumb/v7e-m+fp/hard\libcr_nohost_nf.a(__sys_istty.o)
 .comment       0x00000049       0x4a c:/nxp/mcuxpressoide_11.7.1_9221/ide/plugins/com.nxp.mcuxpresso.tools.win32_11.7.1.202301190959/tools/bin/../lib/gcc/arm-none-eabi/10.3.1/../../../../arm-none-eabi/lib/thumb/v7e-m+fp/hard\libcr_nohost_nf.a(__sys_remove.o)
 .comment       0x00000049       0x4a c:/nxp/mcuxpressoide_11.7.1_9221/ide/plugins/com.nxp.mcuxpresso.tools.win32_11.7.1.202301190959/tools/bin/../lib/gcc/arm-none-eabi/10.3.1/../../../../arm-none-eabi/lib/thumb/v7e-m+fp/hard\libcr_nohost_nf.a(__sys_seek.o)
 .comment       0x00000049       0x4a c:/nxp/mcuxpressoide_11.7.1_9221/ide/plugins/com.nxp.mcuxpresso.tools.win32_11.7.1.202301190959/tools/bin/../lib/gcc/arm-none-eabi/10.3.1/../../../../arm-none-eabi/lib/thumb/v7e-m+fp/hard\libcr_nohost_nf.a(__sys_tmpnam.o)
 .comment       0x00000049       0x4a c:/nxp/mcuxpressoide_11.7.1_9221/ide/plugins/com.nxp.mcuxpresso.tools.win32_11.7.1.202301190959/tools/bin/../lib/gcc/arm-none-eabi/10.3.1/../../../../arm-none-eabi/lib/thumb/v7e-m+fp/hard\libcr_nohost_nf.a(__sys_write.o)

.ARM.attributes
                0x00000000       0x32
 .ARM.attributes
                0x00000000       0x34 ./startup/startup_mk64f12.o
 .ARM.attributes
                0x00000034       0x34 ./source/PIT3.o
 .ARM.attributes
                0x00000068       0x34 ./source/semihost_hardfault.o
 .ARM.attributes
                0x0000009c       0x34 ./drivers/fsl_uart.o
 .ARM.attributes
                0x000000d0       0x34 ./device/system_MK64F12.o
 .ARM.attributes
                0x00000104       0x34 c:/nxp/mcuxpressoide_11.7.1_9221/ide/plugins/com.nxp.mcuxpresso.tools.win32_11.7.1.202301190959/tools/bin/../lib/gcc/arm-none-eabi/10.3.1/../../../../arm-none-eabi/lib/thumb/v7e-m+fp/hard\libcr_nohost_nf.a(_cr__main.o)
 .ARM.attributes
                0x00000138       0x34 c:/nxp/mcuxpressoide_11.7.1_9221/ide/plugins/com.nxp.mcuxpresso.tools.win32_11.7.1.202301190959/tools/bin/../lib/gcc/arm-none-eabi/10.3.1/../../../../arm-none-eabi/lib/thumb/v7e-m+fp/hard\libcr_c.a(memset.o)
 .ARM.attributes
                0x0000016c       0x34 c:/nxp/mcuxpressoide_11.7.1_9221/ide/plugins/com.nxp.mcuxpresso.tools.win32_11.7.1.202301190959/tools/bin/../lib/gcc/arm-none-eabi/10.3.1/../../../../arm-none-eabi/lib/thumb/v7e-m+fp/hard\libcr_c.a(alloc.o)
 .ARM.attributes
                0x000001a0       0x34 c:/nxp/mcuxpressoide_11.7.1_9221/ide/plugins/com.nxp.mcuxpresso.tools.win32_11.7.1.202301190959/tools/bin/../lib/gcc/arm-none-eabi/10.3.1/../../../../arm-none-eabi/lib/thumb/v7e-m+fp/hard\libcr_c.a(initio.o)
 .ARM.attributes
                0x000001d4       0x34 c:/nxp/mcuxpressoide_11.7.1_9221/ide/plugins/com.nxp.mcuxpresso.tools.win32_11.7.1.202301190959/tools/bin/../lib/gcc/arm-none-eabi/10.3.1/../../../../arm-none-eabi/lib/thumb/v7e-m+fp/hard\libcr_c.a(setvbuf.o)
 .ARM.attributes
                0x00000208       0x34 c:/nxp/mcuxpressoide_11.7.1_9221/ide/plugins/com.nxp.mcuxpresso.tools.win32_11.7.1.202301190959/tools/bin/../lib/gcc/arm-none-eabi/10.3.1/../../../../arm-none-eabi/lib/thumb/v7e-m+fp/hard\libcr_c.a(strlen.o)
 .ARM.attributes
                0x0000023c       0x34 c:/nxp/mcuxpressoide_11.7.1_9221/ide/plugins/com.nxp.mcuxpresso.tools.win32_11.7.1.202301190959/tools/bin/../lib/gcc/arm-none-eabi/10.3.1/../../../../arm-none-eabi/lib/thumb/v7e-m+fp/hard\libcr_c.a(_fdopen.o)
 .ARM.attributes
                0x00000270       0x34 c:/nxp/mcuxpressoide_11.7.1_9221/ide/plugins/com.nxp.mcuxpresso.tools.win32_11.7.1.202301190959/tools/bin/../lib/gcc/arm-none-eabi/10.3.1/../../../../arm-none-eabi/lib/thumb/v7e-m+fp/hard\libcr_c.a(errno.o)
 .ARM.attributes
                0x000002a4       0x34 c:/nxp/mcuxpressoide_11.7.1_9221/ide/plugins/com.nxp.mcuxpresso.tools.win32_11.7.1.202301190959/tools/bin/../lib/gcc/arm-none-eabi/10.3.1/../../../../arm-none-eabi/lib/thumb/v7e-m+fp/hard\libcr_c.a(fclose.o)
 .ARM.attributes
                0x000002d8       0x34 c:/nxp/mcuxpressoide_11.7.1_9221/ide/plugins/com.nxp.mcuxpresso.tools.win32_11.7.1.202301190959/tools/bin/../lib/gcc/arm-none-eabi/10.3.1/../../../../arm-none-eabi/lib/thumb/v7e-m+fp/hard\libcr_c.a(fflush.o)
 .ARM.attributes
                0x0000030c       0x34 c:/nxp/mcuxpressoide_11.7.1_9221/ide/plugins/com.nxp.mcuxpresso.tools.win32_11.7.1.202301190959/tools/bin/../lib/gcc/arm-none-eabi/10.3.1/../../../../arm-none-eabi/lib/thumb/v7e-m+fp/hard\libcr_c.a(fseek.o)
 .ARM.attributes
                0x00000340       0x34 c:/nxp/mcuxpressoide_11.7.1_9221/ide/plugins/com.nxp.mcuxpresso.tools.win32_11.7.1.202301190959/tools/bin/../lib/gcc/arm-none-eabi/10.3.1/../../../../arm-none-eabi/lib/thumb/v7e-m+fp/hard\libcr_c.a(ftell.o)
 .ARM.attributes
                0x00000374       0x34 c:/nxp/mcuxpressoide_11.7.1_9221/ide/plugins/com.nxp.mcuxpresso.tools.win32_11.7.1.202301190959/tools/bin/../lib/gcc/arm-none-eabi/10.3.1/../../../../arm-none-eabi/lib/thumb/v7e-m+fp/hard\libcr_c.a(remove.o)
 .ARM.attributes
                0x000003a8       0x34 c:/nxp/mcuxpressoide_11.7.1_9221/ide/plugins/com.nxp.mcuxpresso.tools.win32_11.7.1.202301190959/tools/bin/../lib/gcc/arm-none-eabi/10.3.1/../../../../arm-none-eabi/lib/thumb/v7e-m+fp/hard\libcr_c.a(_do_fflush.o)
 .ARM.attributes
                0x000003dc       0x34 c:/nxp/mcuxpressoide_11.7.1_9221/ide/plugins/com.nxp.mcuxpresso.tools.win32_11.7.1.202301190959/tools/bin/../lib/gcc/arm-none-eabi/10.3.1/../../../../arm-none-eabi/lib/thumb/v7e-m+fp/hard\libcr_c.a(_fflush.o)
 .ARM.attributes
                0x00000410       0x34 c:/nxp/mcuxpressoide_11.7.1_9221/ide/plugins/com.nxp.mcuxpresso.tools.win32_11.7.1.202301190959/tools/bin/../lib/gcc/arm-none-eabi/10.3.1/../../../../arm-none-eabi/lib/thumb/v7e-m+fp/hard\libcr_c.a(_writebuf.o)
 .ARM.attributes
                0x00000444       0x34 c:/nxp/mcuxpressoide_11.7.1_9221/ide/plugins/com.nxp.mcuxpresso.tools.win32_11.7.1.202301190959/tools/bin/../lib/gcc/arm-none-eabi/10.3.1/../../../../arm-none-eabi/lib/thumb/v7e-m+fp/hard\libcr_c.a(_deferredlazyseek.o)
 .ARM.attributes
                0x00000478       0x20 c:/nxp/mcuxpressoide_11.7.1_9221/ide/plugins/com.nxp.mcuxpresso.tools.win32_11.7.1.202301190959/tools/bin/../lib/gcc/arm-none-eabi/10.3.1/thumb/v7e-m+fp/hard\libcr_eabihelpers.a(memcpy.o)
 .ARM.attributes
                0x00000498       0x34 c:/nxp/mcuxpressoide_11.7.1_9221/ide/plugins/com.nxp.mcuxpresso.tools.win32_11.7.1.202301190959/tools/bin/../lib/gcc/arm-none-eabi/10.3.1/../../../../arm-none-eabi/lib/thumb/v7e-m+fp/hard\libcr_nohost_nf.a(__ciob.o)
 .ARM.attributes
                0x000004cc       0x34 c:/nxp/mcuxpressoide_11.7.1_9221/ide/plugins/com.nxp.mcuxpresso.tools.win32_11.7.1.202301190959/tools/bin/../lib/gcc/arm-none-eabi/10.3.1/../../../../arm-none-eabi/lib/thumb/v7e-m+fp/hard\libcr_nohost_nf.a(__sys_close.o)
 .ARM.attributes
                0x00000500       0x34 c:/nxp/mcuxpressoide_11.7.1_9221/ide/plugins/com.nxp.mcuxpresso.tools.win32_11.7.1.202301190959/tools/bin/../lib/gcc/arm-none-eabi/10.3.1/../../../../arm-none-eabi/lib/thumb/v7e-m+fp/hard\libcr_nohost_nf.a(__sys_flen.o)
 .ARM.attributes
                0x00000534       0x34 c:/nxp/mcuxpressoide_11.7.1_9221/ide/plugins/com.nxp.mcuxpresso.tools.win32_11.7.1.202301190959/tools/bin/../lib/gcc/arm-none-eabi/10.3.1/../../../../arm-none-eabi/lib/thumb/v7e-m+fp/hard\libcr_nohost_nf.a(__sys_istty.o)
 .ARM.attributes
                0x00000568       0x34 c:/nxp/mcuxpressoide_11.7.1_9221/ide/plugins/com.nxp.mcuxpresso.tools.win32_11.7.1.202301190959/tools/bin/../lib/gcc/arm-none-eabi/10.3.1/../../../../arm-none-eabi/lib/thumb/v7e-m+fp/hard\libcr_nohost_nf.a(__sys_remove.o)
 .ARM.attributes
                0x0000059c       0x34 c:/nxp/mcuxpressoide_11.7.1_9221/ide/plugins/com.nxp.mcuxpresso.tools.win32_11.7.1.202301190959/tools/bin/../lib/gcc/arm-none-eabi/10.3.1/../../../../arm-none-eabi/lib/thumb/v7e-m+fp/hard\libcr_nohost_nf.a(__sys_seek.o)
 .ARM.attributes
                0x000005d0       0x34 c:/nxp/mcuxpressoide_11.7.1_9221/ide/plugins/com.nxp.mcuxpresso.tools.win32_11.7.1.202301190959/tools/bin/../lib/gcc/arm-none-eabi/10.3.1/../../../../arm-none-eabi/lib/thumb/v7e-m+fp/hard\libcr_nohost_nf.a(__sys_tmpnam.o)
 .ARM.attributes
                0x00000604       0x34 c:/nxp/mcuxpressoide_11.7.1_9221/ide/plugins/com.nxp.mcuxpresso.tools.win32_11.7.1.202301190959/tools/bin/../lib/gcc/arm-none-eabi/10.3.1/../../../../arm-none-eabi/lib/thumb/v7e-m+fp/hard\libcr_nohost_nf.a(__sys_write.o)

.debug_frame    0x00000000     0x1260
 .debug_frame   0x00000000      0x8fc ./startup/startup_mk64f12.o
 .debug_frame   0x000008fc      0x184 ./source/PIT3.o
 .debug_frame   0x00000a80       0x20 ./source/semihost_hardfault.o
 .debug_frame   0x00000aa0      0x74c ./drivers/fsl_uart.o
 .debug_frame   0x000011ec       0x74 ./device/system_MK64F12.o

Cross Reference Table

Symbol                                            File
ADC0_DriverIRQHandler                             ./startup/startup_mk64f12.o
ADC0_IRQHandler                                   ./startup/startup_mk64f12.o
ADC1_DriverIRQHandler                             ./startup/startup_mk64f12.o
ADC1_IRQHandler                                   ./startup/startup_mk64f12.o
BOARD_BootClockRUN                                ./board/clock_config.o
BOARD_BootClockVLPR                               ./board/clock_config.o
BOARD_InitBootClocks                              ./board/clock_config.o
BOARD_InitBootPeripherals                         ./board/peripherals.o
BOARD_InitBootPins                                ./board/pin_mux.o
BOARD_InitDebugConsole                            ./board/board.o
BOARD_InitPeripherals                             ./board/peripherals.o
BOARD_InitPins                                    ./board/pin_mux.o
BusFault_Handler                                  ./startup/startup_mk64f12.o
CAN0_Bus_Off_IRQHandler                           ./startup/startup_mk64f12.o
CAN0_DriverIRQHandler                             ./startup/startup_mk64f12.o
CAN0_Error_IRQHandler                             ./startup/startup_mk64f12.o
CAN0_ORed_Message_buffer_IRQHandler               ./startup/startup_mk64f12.o
CAN0_Rx_Warning_IRQHandler                        ./startup/startup_mk64f12.o
CAN0_Tx_Warning_IRQHandler                        ./startup/startup_mk64f12.o
CAN0_Wake_Up_IRQHandler                           ./startup/startup_mk64f12.o
CLOCK_BootToBlpeMode                              ./drivers/fsl_clock.o
CLOCK_BootToBlpiMode                              ./drivers/fsl_clock.o
                                                  ./board/clock_config.o
CLOCK_BootToFeeMode                               ./drivers/fsl_clock.o
CLOCK_BootToFeiMode                               ./drivers/fsl_clock.o
CLOCK_BootToPeeMode                               ./drivers/fsl_clock.o
                                                  ./board/clock_config.o
CLOCK_CalcPllDiv                                  ./drivers/fsl_clock.o
CLOCK_ClearStatusFlags                            ./drivers/fsl_clock.o
CLOCK_DeinitOsc0                                  ./drivers/fsl_clock.o
CLOCK_EnablePll0                                  ./drivers/fsl_clock.o
CLOCK_EnableUsbfs0Clock                           ./drivers/fsl_clock.o
CLOCK_ExternalModeToFbeModeQuick                  ./drivers/fsl_clock.o
CLOCK_GetBusClkFreq                               ./drivers/fsl_clock.o
CLOCK_GetCoreSysClkFreq                           ./drivers/fsl_clock.o
                                                  ./board/board.o
CLOCK_GetEr32kClkFreq                             ./drivers/fsl_clock.o
CLOCK_GetFixedFreqClkFreq                         ./drivers/fsl_clock.o
CLOCK_GetFlashClkFreq                             ./drivers/fsl_clock.o
CLOCK_GetFlexBusClkFreq                           ./drivers/fsl_clock.o
CLOCK_GetFllFreq                                  ./drivers/fsl_clock.o
CLOCK_GetFreq                                     ./drivers/fsl_clock.o
CLOCK_GetInternalRefClkFreq                       ./drivers/fsl_clock.o
CLOCK_GetMode                                     ./drivers/fsl_clock.o
CLOCK_GetOsc0ErClkFreq                            ./drivers/fsl_clock.o
CLOCK_GetOutClkFreq                               ./drivers/fsl_clock.o
CLOCK_GetPlatClkFreq                              ./drivers/fsl_clock.o
CLOCK_GetPll0Freq                                 ./drivers/fsl_clock.o
CLOCK_GetPllFllSelClkFreq                         ./drivers/fsl_clock.o
CLOCK_GetStatusFlags                              ./drivers/fsl_clock.o
CLOCK_InitOsc0                                    ./drivers/fsl_clock.o
                                                  ./board/clock_config.o
CLOCK_InternalModeToFbiModeQuick                  ./drivers/fsl_clock.o
CLOCK_SetBlpeMode                                 ./drivers/fsl_clock.o
CLOCK_SetBlpiMode                                 ./drivers/fsl_clock.o
CLOCK_SetExternalRefClkConfig                     ./drivers/fsl_clock.o
CLOCK_SetFastIrcFreq                              ./drivers/fsl_clock.o
CLOCK_SetFbeMode                                  ./drivers/fsl_clock.o
CLOCK_SetFbiMode                                  ./drivers/fsl_clock.o
CLOCK_SetFeeMode                                  ./drivers/fsl_clock.o
CLOCK_SetFeiMode                                  ./drivers/fsl_clock.o
CLOCK_SetInternalRefClkConfig                     ./drivers/fsl_clock.o
                                                  ./board/clock_config.o
CLOCK_SetMcgConfig                                ./drivers/fsl_clock.o
CLOCK_SetOsc0MonitorMode                          ./drivers/fsl_clock.o
CLOCK_SetPbeMode                                  ./drivers/fsl_clock.o
CLOCK_SetPeeMode                                  ./drivers/fsl_clock.o
CLOCK_SetPll0MonitorMode                          ./drivers/fsl_clock.o
CLOCK_SetRtcOscMonitorMode                        ./drivers/fsl_clock.o
CLOCK_SetSimConfig                                ./drivers/fsl_clock.o
                                                  ./board/clock_config.o
CLOCK_SetSlowIrcFreq                              ./drivers/fsl_clock.o
CLOCK_TrimInternalRefClk                          ./drivers/fsl_clock.o
CMP0_DriverIRQHandler                             ./startup/startup_mk64f12.o
CMP0_IRQHandler                                   ./startup/startup_mk64f12.o
CMP1_DriverIRQHandler                             ./startup/startup_mk64f12.o
CMP1_IRQHandler                                   ./startup/startup_mk64f12.o
CMP2_DriverIRQHandler                             ./startup/startup_mk64f12.o
CMP2_IRQHandler                                   ./startup/startup_mk64f12.o
CMT_DriverIRQHandler                              ./startup/startup_mk64f12.o
CMT_IRQHandler                                    ./startup/startup_mk64f12.o
DAC0_DriverIRQHandler                             ./startup/startup_mk64f12.o
DAC0_IRQHandler                                   ./startup/startup_mk64f12.o
DAC1_DriverIRQHandler                             ./startup/startup_mk64f12.o
DAC1_IRQHandler                                   ./startup/startup_mk64f12.o
DMA0_DriverIRQHandler                             ./startup/startup_mk64f12.o
DMA0_IRQHandler                                   ./startup/startup_mk64f12.o
DMA10_DriverIRQHandler                            ./startup/startup_mk64f12.o
DMA10_IRQHandler                                  ./startup/startup_mk64f12.o
DMA11_DriverIRQHandler                            ./startup/startup_mk64f12.o
DMA11_IRQHandler                                  ./startup/startup_mk64f12.o
DMA12_DriverIRQHandler                            ./startup/startup_mk64f12.o
DMA12_IRQHandler                                  ./startup/startup_mk64f12.o
DMA13_DriverIRQHandler                            ./startup/startup_mk64f12.o
DMA13_IRQHandler                                  ./startup/startup_mk64f12.o
DMA14_DriverIRQHandler                            ./startup/startup_mk64f12.o
DMA14_IRQHandler                                  ./startup/startup_mk64f12.o
DMA15_DriverIRQHandler                            ./startup/startup_mk64f12.o
DMA15_IRQHandler                                  ./startup/startup_mk64f12.o
DMA1_DriverIRQHandler                             ./startup/startup_mk64f12.o
DMA1_IRQHandler                                   ./startup/startup_mk64f12.o
DMA2_DriverIRQHandler                             ./startup/startup_mk64f12.o
DMA2_IRQHandler                                   ./startup/startup_mk64f12.o
DMA3_DriverIRQHandler                             ./startup/startup_mk64f12.o
DMA3_IRQHandler                                   ./startup/startup_mk64f12.o
DMA4_DriverIRQHandler                             ./startup/startup_mk64f12.o
DMA4_IRQHandler                                   ./startup/startup_mk64f12.o
DMA5_DriverIRQHandler                             ./startup/startup_mk64f12.o
DMA5_IRQHandler                                   ./startup/startup_mk64f12.o
DMA6_DriverIRQHandler                             ./startup/startup_mk64f12.o
DMA6_IRQHandler                                   ./startup/startup_mk64f12.o
DMA7_DriverIRQHandler                             ./startup/startup_mk64f12.o
DMA7_IRQHandler                                   ./startup/startup_mk64f12.o
DMA8_DriverIRQHandler                             ./startup/startup_mk64f12.o
DMA8_IRQHandler                                   ./startup/startup_mk64f12.o
DMA9_DriverIRQHandler                             ./startup/startup_mk64f12.o
DMA9_IRQHandler                                   ./startup/startup_mk64f12.o
DMA_Error_DriverIRQHandler                        ./startup/startup_mk64f12.o
DMA_Error_IRQHandler                              ./startup/startup_mk64f12.o
DbgConsole_Deinit                                 ./utilities/fsl_debug_console.o
DbgConsole_Getchar                                ./utilities/fsl_debug_console.o
DbgConsole_Init                                   ./utilities/fsl_debug_console.o
                                                  ./board/board.o
DbgConsole_Printf                                 ./utilities/fsl_debug_console.o
                                                  ./utilities/fsl_assert.o
DbgConsole_Putchar                                ./utilities/fsl_debug_console.o
DbgConsole_Scanf                                  ./utilities/fsl_debug_console.o
DbgConsole_Vprintf                                ./utilities/fsl_debug_console.o
DebugMon_Handler                                  ./startup/startup_mk64f12.o
ENET_1588_Timer_DriverIRQHandler                  ./startup/startup_mk64f12.o
ENET_1588_Timer_IRQHandler                        ./startup/startup_mk64f12.o
ENET_Error_DriverIRQHandler                       ./startup/startup_mk64f12.o
ENET_Error_IRQHandler                             ./startup/startup_mk64f12.o
ENET_Receive_DriverIRQHandler                     ./startup/startup_mk64f12.o
ENET_Receive_IRQHandler                           ./startup/startup_mk64f12.o
ENET_Transmit_DriverIRQHandler                    ./startup/startup_mk64f12.o
ENET_Transmit_IRQHandler                          ./startup/startup_mk64f12.o
FLASH_Erase                                       ./drivers/fsl_ftfx_flash.o
FLASH_EraseAll                                    ./drivers/fsl_ftfx_flash.o
FLASH_EraseSectorNonBlocking                      ./drivers/fsl_ftfx_flash.o
FLASH_GetCommandState                             ./drivers/fsl_ftfx_flash.o
FLASH_GetProperty                                 ./drivers/fsl_ftfx_flash.o
FLASH_GetSecurityState                            ./drivers/fsl_ftfx_flash.o
FLASH_Init                                        ./drivers/fsl_ftfx_flash.o
FLASH_IsProtected                                 ./drivers/fsl_ftfx_flash.o
FLASH_PflashGetProtection                         ./drivers/fsl_ftfx_flash.o
FLASH_PflashSetProtection                         ./drivers/fsl_ftfx_flash.o
FLASH_Program                                     ./drivers/fsl_ftfx_flash.o
FLASH_ProgramOnce                                 ./drivers/fsl_ftfx_flash.o
FLASH_ProgramSection                              ./drivers/fsl_ftfx_flash.o
FLASH_ReadOnce                                    ./drivers/fsl_ftfx_flash.o
FLASH_ReadResource                                ./drivers/fsl_ftfx_flash.o
FLASH_SecurityBypass                              ./drivers/fsl_ftfx_flash.o
FLASH_Swap                                        ./drivers/fsl_ftfx_flash.o
FLASH_VerifyErase                                 ./drivers/fsl_ftfx_flash.o
FLASH_VerifyEraseAll                              ./drivers/fsl_ftfx_flash.o
FLASH_VerifyProgram                               ./drivers/fsl_ftfx_flash.o
FTFE_DriverIRQHandler                             ./startup/startup_mk64f12.o
FTFE_IRQHandler                                   ./startup/startup_mk64f12.o
FTFx_API_Init                                     ./drivers/fsl_ftfx_controller.o
                                                  ./drivers/fsl_ftfx_flash.o
FTFx_CACHE_ClearCachePrefetchSpeculation          ./drivers/fsl_ftfx_cache.o
FTFx_CACHE_Init                                   ./drivers/fsl_ftfx_cache.o
FTFx_CACHE_PflashGetPrefetchSpeculation           ./drivers/fsl_ftfx_cache.o
FTFx_CACHE_PflashSetPrefetchSpeculation           ./drivers/fsl_ftfx_cache.o
FTFx_CMD_Erase                                    ./drivers/fsl_ftfx_controller.o
                                                  ./drivers/fsl_ftfx_flash.o
FTFx_CMD_EraseAll                                 ./drivers/fsl_ftfx_controller.o
                                                  ./drivers/fsl_ftfx_flash.o
FTFx_CMD_EraseAllExecuteOnlySegments              ./drivers/fsl_ftfx_controller.o
FTFx_CMD_EraseSectorNonBlocking                   ./drivers/fsl_ftfx_controller.o
                                                  ./drivers/fsl_ftfx_flash.o
FTFx_CMD_Program                                  ./drivers/fsl_ftfx_controller.o
                                                  ./drivers/fsl_ftfx_flash.o
FTFx_CMD_ProgramOnce                              ./drivers/fsl_ftfx_controller.o
                                                  ./drivers/fsl_ftfx_flash.o
FTFx_CMD_ProgramSection                           ./drivers/fsl_ftfx_controller.o
                                                  ./drivers/fsl_ftfx_flash.o
FTFx_CMD_ReadOnce                                 ./drivers/fsl_ftfx_controller.o
                                                  ./drivers/fsl_ftfx_flash.o
FTFx_CMD_ReadResource                             ./drivers/fsl_ftfx_controller.o
                                                  ./drivers/fsl_ftfx_flash.o
FTFx_CMD_SecurityBypass                           ./drivers/fsl_ftfx_controller.o
                                                  ./drivers/fsl_ftfx_flash.o
FTFx_CMD_SwapControl                              ./drivers/fsl_ftfx_controller.o
                                                  ./drivers/fsl_ftfx_flash.o
FTFx_CMD_VerifyErase                              ./drivers/fsl_ftfx_controller.o
                                                  ./drivers/fsl_ftfx_flash.o
FTFx_CMD_VerifyEraseAll                           ./drivers/fsl_ftfx_controller.o
                                                  ./drivers/fsl_ftfx_flash.o
FTFx_CMD_VerifyEraseAllExecuteOnlySegments        ./drivers/fsl_ftfx_controller.o
FTFx_CMD_VerifyProgram                            ./drivers/fsl_ftfx_controller.o
                                                  ./drivers/fsl_ftfx_flash.o
FTFx_REG_GetSecurityState                         ./drivers/fsl_ftfx_controller.o
                                                  ./drivers/fsl_ftfx_flash.o
FTM0_DriverIRQHandler                             ./startup/startup_mk64f12.o
FTM0_IRQHandler                                   ./startup/startup_mk64f12.o
FTM1_DriverIRQHandler                             ./startup/startup_mk64f12.o
FTM1_IRQHandler                                   ./startup/startup_mk64f12.o
FTM2_DriverIRQHandler                             ./startup/startup_mk64f12.o
FTM2_IRQHandler                                   ./startup/startup_mk64f12.o
FTM3_DriverIRQHandler                             ./startup/startup_mk64f12.o
FTM3_IRQHandler                                   ./startup/startup_mk64f12.o
Flash_Config                                      ./startup/startup_mk64f12.o
GPIO_PinInit                                      ./drivers/fsl_gpio.o
                                                  ./board/pin_mux.o
GPIO_PortClearInterruptFlags                      ./drivers/fsl_gpio.o
GPIO_PortGetInterruptFlags                        ./drivers/fsl_gpio.o
HAL_UartDeinit                                    ./component/uart/fsl_adapter_uart.o
                                                  ./utilities/fsl_debug_console.o
HAL_UartEnterLowpower                             ./component/uart/fsl_adapter_uart.o
HAL_UartExitLowpower                              ./component/uart/fsl_adapter_uart.o
HAL_UartInit                                      ./component/uart/fsl_adapter_uart.o
                                                  ./utilities/fsl_debug_console.o
HAL_UartReceiveBlocking                           ./component/uart/fsl_adapter_uart.o
                                                  ./utilities/fsl_debug_console.o
HAL_UartSendBlocking                              ./component/uart/fsl_adapter_uart.o
                                                  ./utilities/fsl_debug_console.o
HardFault_Handler                                 ./source/semihost_hardfault.o
                                                  ./startup/startup_mk64f12.o
I2C0_DriverIRQHandler                             ./startup/startup_mk64f12.o
I2C0_IRQHandler                                   ./startup/startup_mk64f12.o
I2C1_DriverIRQHandler                             ./startup/startup_mk64f12.o
I2C1_IRQHandler                                   ./startup/startup_mk64f12.o
I2C2_DriverIRQHandler                             ./startup/startup_mk64f12.o
I2C2_IRQHandler                                   ./startup/startup_mk64f12.o
I2S0_Rx_DriverIRQHandler                          ./startup/startup_mk64f12.o
I2S0_Rx_IRQHandler                                ./startup/startup_mk64f12.o
I2S0_Tx_DriverIRQHandler                          ./startup/startup_mk64f12.o
I2S0_Tx_IRQHandler                                ./startup/startup_mk64f12.o
IntDefaultHandler                                 ./startup/startup_mk64f12.o
LIST_AddHead                                      ./component/lists/fsl_component_generic_list.o
LIST_AddPrevElement                               ./component/lists/fsl_component_generic_list.o
LIST_AddTail                                      ./component/lists/fsl_component_generic_list.o
LIST_GetAvailableSize                             ./component/lists/fsl_component_generic_list.o
LIST_GetHead                                      ./component/lists/fsl_component_generic_list.o
LIST_GetList                                      ./component/lists/fsl_component_generic_list.o
LIST_GetNext                                      ./component/lists/fsl_component_generic_list.o
LIST_GetPrev                                      ./component/lists/fsl_component_generic_list.o
LIST_GetSize                                      ./component/lists/fsl_component_generic_list.o
LIST_Init                                         ./component/lists/fsl_component_generic_list.o
LIST_RemoveElement                                ./component/lists/fsl_component_generic_list.o
LIST_RemoveHead                                   ./component/lists/fsl_component_generic_list.o
LLWU_DriverIRQHandler                             ./startup/startup_mk64f12.o
LLWU_IRQHandler                                   ./startup/startup_mk64f12.o
LPTMR0_DriverIRQHandler                           ./startup/startup_mk64f12.o
LPTMR0_IRQHandler                                 ./startup/startup_mk64f12.o
LVD_LVW_DriverIRQHandler                          ./startup/startup_mk64f12.o
LVD_LVW_IRQHandler                                ./startup/startup_mk64f12.o
MCG_DriverIRQHandler                              ./startup/startup_mk64f12.o
MCG_IRQHandler                                    ./startup/startup_mk64f12.o
MCM_DriverIRQHandler                              ./startup/startup_mk64f12.o
MCM_IRQHandler                                    ./startup/startup_mk64f12.o
MemManage_Handler                                 ./startup/startup_mk64f12.o
NMI_Handler                                       ./startup/startup_mk64f12.o
PDB0_DriverIRQHandler                             ./startup/startup_mk64f12.o
PDB0_IRQHandler                                   ./startup/startup_mk64f12.o
PIT0_DriverIRQHandler                             ./startup/startup_mk64f12.o
PIT0_IRQHandler                                   ./startup/startup_mk64f12.o
PIT1_DriverIRQHandler                             ./startup/startup_mk64f12.o
PIT1_IRQHandler                                   ./startup/startup_mk64f12.o
PIT2_DriverIRQHandler                             ./startup/startup_mk64f12.o
PIT2_IRQHandler                                   ./startup/startup_mk64f12.o
PIT3_DriverIRQHandler                             ./startup/startup_mk64f12.o
PIT3_IRQHandler                                   ./startup/startup_mk64f12.o
PORTA_DriverIRQHandler                            ./startup/startup_mk64f12.o
PORTA_IRQHandler                                  ./startup/startup_mk64f12.o
PORTB_DriverIRQHandler                            ./startup/startup_mk64f12.o
PORTB_IRQHandler                                  ./startup/startup_mk64f12.o
PORTC_DriverIRQHandler                            ./startup/startup_mk64f12.o
PORTC_IRQHandler                                  ./startup/startup_mk64f12.o
PORTD_DriverIRQHandler                            ./startup/startup_mk64f12.o
PORTD_IRQHandler                                  ./startup/startup_mk64f12.o
PORTE_DriverIRQHandler                            ./startup/startup_mk64f12.o
PORTE_IRQHandler                                  ./startup/startup_mk64f12.o
PendSV_Handler                                    ./startup/startup_mk64f12.o
RNG_DriverIRQHandler                              ./startup/startup_mk64f12.o
RNG_IRQHandler                                    ./startup/startup_mk64f12.o
RTC_DriverIRQHandler                              ./startup/startup_mk64f12.o
RTC_IRQHandler                                    ./startup/startup_mk64f12.o
RTC_Seconds_DriverIRQHandler                      ./startup/startup_mk64f12.o
RTC_Seconds_IRQHandler                            ./startup/startup_mk64f12.o
Read_Collision_DriverIRQHandler                   ./startup/startup_mk64f12.o
Read_Collision_IRQHandler                         ./startup/startup_mk64f12.o
Reserved71_DriverIRQHandler                       ./startup/startup_mk64f12.o
Reserved71_IRQHandler                             ./startup/startup_mk64f12.o
ResetISR                                          ./startup/startup_mk64f12.o
SDHC_DriverIRQHandler                             ./startup/startup_mk64f12.o
SDHC_IRQHandler                                   ./startup/startup_mk64f12.o
SDK_DelayAtLeastUs                                ./drivers/fsl_common_arm.o
SDK_Free                                          ./drivers/fsl_common.o
SDK_Malloc                                        ./drivers/fsl_common.o
SMC_PostExitStopModes                             ./drivers/fsl_smc.o
SMC_PostExitWaitModes                             ./drivers/fsl_smc.o
SMC_PreEnterStopModes                             ./drivers/fsl_smc.o
SMC_PreEnterWaitModes                             ./drivers/fsl_smc.o
SMC_SetPowerModeLls                               ./drivers/fsl_smc.o
SMC_SetPowerModeRun                               ./drivers/fsl_smc.o
SMC_SetPowerModeStop                              ./drivers/fsl_smc.o
SMC_SetPowerModeVlls                              ./drivers/fsl_smc.o
SMC_SetPowerModeVlpr                              ./drivers/fsl_smc.o
                                                  ./board/clock_config.o
SMC_SetPowerModeVlps                              ./drivers/fsl_smc.o
SMC_SetPowerModeVlpw                              ./drivers/fsl_smc.o
SMC_SetPowerModeWait                              ./drivers/fsl_smc.o
SPI0_DriverIRQHandler                             ./startup/startup_mk64f12.o
SPI0_IRQHandler                                   ./startup/startup_mk64f12.o
SPI1_DriverIRQHandler                             ./startup/startup_mk64f12.o
SPI1_IRQHandler                                   ./startup/startup_mk64f12.o
SPI2_DriverIRQHandler                             ./startup/startup_mk64f12.o
SPI2_IRQHandler                                   ./startup/startup_mk64f12.o
SVC_Handler                                       ./startup/startup_mk64f12.o
SWI_DriverIRQHandler                              ./startup/startup_mk64f12.o
SWI_IRQHandler                                    ./startup/startup_mk64f12.o
SysTick_Handler                                   ./startup/startup_mk64f12.o
SystemCoreClock                                   ./device/system_MK64F12.o
                                                  ./board/clock_config.o
SystemCoreClockUpdate                             ./device/system_MK64F12.o
SystemInit                                        ./device/system_MK64F12.o
                                                  ./startup/startup_mk64f12.o
SystemInitHook                                    ./device/system_MK64F12.o
UART0_DriverIRQHandler                            ./drivers/fsl_uart.o
UART0_ERR_DriverIRQHandler                        ./startup/startup_mk64f12.o
UART0_ERR_IRQHandler                              ./startup/startup_mk64f12.o
UART0_LON_DriverIRQHandler                        ./startup/startup_mk64f12.o
UART0_LON_IRQHandler                              ./startup/startup_mk64f12.o
UART0_RX_TX_DriverIRQHandler                      ./drivers/fsl_uart.o
                                                  ./startup/startup_mk64f12.o
UART0_RX_TX_IRQHandler                            ./startup/startup_mk64f12.o
UART1_DriverIRQHandler                            ./drivers/fsl_uart.o
UART1_ERR_DriverIRQHandler                        ./startup/startup_mk64f12.o
UART1_ERR_IRQHandler                              ./startup/startup_mk64f12.o
UART1_RX_TX_DriverIRQHandler                      ./drivers/fsl_uart.o
                                                  ./startup/startup_mk64f12.o
UART1_RX_TX_IRQHandler                            ./startup/startup_mk64f12.o
UART2_DriverIRQHandler                            ./drivers/fsl_uart.o
UART2_ERR_DriverIRQHandler                        ./startup/startup_mk64f12.o
UART2_ERR_IRQHandler                              ./startup/startup_mk64f12.o
UART2_RX_TX_DriverIRQHandler                      ./drivers/fsl_uart.o
                                                  ./startup/startup_mk64f12.o
UART2_RX_TX_IRQHandler                            ./startup/startup_mk64f12.o
UART3_DriverIRQHandler                            ./drivers/fsl_uart.o
UART3_ERR_DriverIRQHandler                        ./startup/startup_mk64f12.o
UART3_ERR_IRQHandler                              ./startup/startup_mk64f12.o
UART3_RX_TX_DriverIRQHandler                      ./drivers/fsl_uart.o
                                                  ./startup/startup_mk64f12.o
UART3_RX_TX_IRQHandler                            ./startup/startup_mk64f12.o
UART4_DriverIRQHandler                            ./drivers/fsl_uart.o
UART4_ERR_DriverIRQHandler                        ./startup/startup_mk64f12.o
UART4_ERR_IRQHandler                              ./startup/startup_mk64f12.o
UART4_RX_TX_DriverIRQHandler                      ./drivers/fsl_uart.o
                                                  ./startup/startup_mk64f12.o
UART4_RX_TX_IRQHandler                            ./startup/startup_mk64f12.o
UART5_DriverIRQHandler                            ./drivers/fsl_uart.o
UART5_ERR_DriverIRQHandler                        ./startup/startup_mk64f12.o
UART5_ERR_IRQHandler                              ./startup/startup_mk64f12.o
UART5_RX_TX_DriverIRQHandler                      ./drivers/fsl_uart.o
                                                  ./startup/startup_mk64f12.o
UART5_RX_TX_IRQHandler                            ./startup/startup_mk64f12.o
UART_ClearStatusFlags                             ./drivers/fsl_uart.o
UART_Deinit                                       ./drivers/fsl_uart.o
                                                  ./component/uart/fsl_adapter_uart.o
UART_DisableInterrupts                            ./drivers/fsl_uart.o
UART_Enable9bitMode                               ./drivers/fsl_uart.o
UART_EnableInterrupts                             ./drivers/fsl_uart.o
UART_EnableRxFIFO                                 ./drivers/fsl_uart.o
UART_EnableTxFIFO                                 ./drivers/fsl_uart.o
UART_GetDefaultConfig                             ./drivers/fsl_uart.o
                                                  ./component/uart/fsl_adapter_uart.o
UART_GetEnabledInterrupts                         ./drivers/fsl_uart.o
UART_GetInstance                                  ./drivers/fsl_uart.o
UART_GetStatusFlags                               ./drivers/fsl_uart.o
UART_Init                                         ./drivers/fsl_uart.o
                                                  ./component/uart/fsl_adapter_uart.o
UART_ReadBlocking                                 ./drivers/fsl_uart.o
                                                  ./component/uart/fsl_adapter_uart.o
UART_SendAddress                                  ./drivers/fsl_uart.o
UART_SetBaudRate                                  ./drivers/fsl_uart.o
UART_TransferAbortReceive                         ./drivers/fsl_uart.o
UART_TransferAbortSend                            ./drivers/fsl_uart.o
UART_TransferCreateHandle                         ./drivers/fsl_uart.o
UART_TransferGetReceiveCount                      ./drivers/fsl_uart.o
UART_TransferGetRxRingBufferLength                ./drivers/fsl_uart.o
UART_TransferGetSendCount                         ./drivers/fsl_uart.o
UART_TransferHandleErrorIRQ                       ./drivers/fsl_uart.o
UART_TransferHandleIRQ                            ./drivers/fsl_uart.o
UART_TransferReceiveNonBlocking                   ./drivers/fsl_uart.o
UART_TransferSendNonBlocking                      ./drivers/fsl_uart.o
UART_TransferStartRingBuffer                      ./drivers/fsl_uart.o
UART_TransferStopRingBuffer                       ./drivers/fsl_uart.o
UART_WriteBlocking                                ./drivers/fsl_uart.o
                                                  ./component/uart/fsl_adapter_uart.o
USB0_DriverIRQHandler                             ./startup/startup_mk64f12.o
USB0_IRQHandler                                   ./startup/startup_mk64f12.o
USBDCD_DriverIRQHandler                           ./startup/startup_mk64f12.o
USBDCD_IRQHandler                                 ./startup/startup_mk64f12.o
UsageFault_Handler                                ./startup/startup_mk64f12.o
WDOG_EWM_DriverIRQHandler                         ./startup/startup_mk64f12.o
WDOG_EWM_IRQHandler                               ./startup/startup_mk64f12.o
_Csys_alloc                                       c:/nxp/mcuxpressoide_11.7.1_9221/ide/plugins/com.nxp.mcuxpresso.tools.win32_11.7.1.202301190959/tools/bin/../lib/gcc/arm-none-eabi/10.3.1/../../../../arm-none-eabi/lib/thumb/v7e-m+fp/hard\libcr_c.a(alloc.o)
                                                  c:/nxp/mcuxpressoide_11.7.1_9221/ide/plugins/com.nxp.mcuxpresso.tools.win32_11.7.1.202301190959/tools/bin/../lib/gcc/arm-none-eabi/10.3.1/../../../../arm-none-eabi/lib/thumb/v7e-m+fp/hard\libcr_c.a(_deferredlazyseek.o)
_Cwritebuf                                        c:/nxp/mcuxpressoide_11.7.1_9221/ide/plugins/com.nxp.mcuxpresso.tools.win32_11.7.1.202301190959/tools/bin/../lib/gcc/arm-none-eabi/10.3.1/../../../../arm-none-eabi/lib/thumb/v7e-m+fp/hard\libcr_c.a(_writebuf.o)
                                                  c:/nxp/mcuxpressoide_11.7.1_9221/ide/plugins/com.nxp.mcuxpresso.tools.win32_11.7.1.202301190959/tools/bin/../lib/gcc/arm-none-eabi/10.3.1/../../../../arm-none-eabi/lib/thumb/v7e-m+fp/hard\libcr_c.a(_deferredlazyseek.o)